Archive member included to satisfy reference by file (symbol)

/opt/devkitpro/libnx/lib/libnx.a(applet.o)
                              main.o (appletMainLoop)
/opt/devkitpro/libnx/lib/libnx.a(hid.o)
                              print.o (hidKeysDown)
/opt/devkitpro/libnx/lib/libnx.a(apm.o)
                              /opt/devkitpro/libnx/lib/libnx.a(applet.o) (apmExit)
/opt/devkitpro/libnx/lib/libnx.a(fatal.o)
                              /opt/devkitpro/libnx/lib/libnx.a(applet.o) (fatalSimple)
/opt/devkitpro/libnx/lib/libnx.a(spl.o)
                              reboot.o (splInitialize)
/opt/devkitpro/libnx/lib/libnx.a(sm.o)
                              /opt/devkitpro/libnx/lib/libnx.a(fatal.o) (smHasInitialized)
/opt/devkitpro/libnx/lib/libnx.a(hosversion.o)
                              /opt/devkitpro/libnx/lib/libnx.a(applet.o) (hosversionGet)
/opt/devkitpro/libnx/lib/libnx.a(env.o)
                              /opt/devkitpro/libnx/lib/libnx.a(applet.o) (envIsNso)
/opt/devkitpro/libnx/lib/libnx.a(console.o)
                              main.o (consoleInit)
/opt/devkitpro/libnx/lib/libnx.a(console_sw.o)
                              /opt/devkitpro/libnx/lib/libnx.a(console.o) (getDefaultConsoleRenderer)
/opt/devkitpro/libnx/lib/libnx.a(svc.o)
                              /opt/devkitpro/libnx/lib/libnx.a(applet.o) (svcExitProcess)
/opt/devkitpro/libnx/lib/libnx.a(switch_crt0.o)
                              (_start)
/opt/devkitpro/libnx/lib/libnx.a(default_font.bin.o)
                              /opt/devkitpro/libnx/lib/libnx.a(console.o) (default_font_bin)
/opt/devkitpro/libnx/lib/libnx.a(detect.o)
                              /opt/devkitpro/libnx/lib/libnx.a(fatal.o) (detectKernelVersion)
/opt/devkitpro/libnx/lib/libnx.a(shmem.o)
                              /opt/devkitpro/libnx/lib/libnx.a(hid.o) (shmemLoadRemote)
/opt/devkitpro/libnx/lib/libnx.a(wait.o)
                              /opt/devkitpro/libnx/lib/libnx.a(applet.o) (waitObjects)
/opt/devkitpro/libnx/lib/libnx.a(rwlock.o)
                              /opt/devkitpro/libnx/lib/libnx.a(hid.o) (rwlockReadLock)
/opt/devkitpro/libnx/lib/libnx.a(tmem.o)
                              /opt/devkitpro/libnx/lib/libnx.a(applet.o) (tmemCreate)
/opt/devkitpro/libnx/lib/libnx.a(mutex.o)
                              /opt/devkitpro/libnx/lib/libnx.a(detect.o) (mutexLock)
/opt/devkitpro/libnx/lib/libnx.a(virtmem.o)
                              /opt/devkitpro/libnx/lib/libnx.a(shmem.o) (virtmemReserve)
/opt/devkitpro/libnx/lib/libnx.a(event.o)
                              /opt/devkitpro/libnx/lib/libnx.a(applet.o) (eventLoadRemote)
/opt/devkitpro/libnx/lib/libnx.a(condvar.o)
                              /opt/devkitpro/libnx/lib/libnx.a(rwlock.o) (condvarWaitTimeout)
/opt/devkitpro/libnx/lib/libnx.a(framebuffer.o)
                              /opt/devkitpro/libnx/lib/libnx.a(console_sw.o) (framebufferMakeLinear)
/opt/devkitpro/libnx/lib/libnx.a(default_window.o)
                              /opt/devkitpro/libnx/lib/libnx.a(console_sw.o) (nwindowGetDefault)
/opt/devkitpro/libnx/lib/libnx.a(native_window.o)
                              /opt/devkitpro/libnx/lib/libnx.a(framebuffer.o) (nwindowIsValid)
/opt/devkitpro/libnx/lib/libnx.a(dynamic.o)
                              /opt/devkitpro/libnx/lib/libnx.a(switch_crt0.o) (__nx_dynamic)
/opt/devkitpro/libnx/lib/libnx.a(init.o)
                              /opt/devkitpro/libnx/lib/libnx.a(switch_crt0.o) (__libnx_init)
/opt/devkitpro/libnx/lib/libnx.a(newlib.o)
                              /opt/devkitpro/libnx/lib/libnx.a(init.o) (__libnx_init_time)
/opt/devkitpro/libnx/lib/libnx.a(argv.o)
                              /opt/devkitpro/libnx/lib/libnx.a(init.o) (argvSetup)
/opt/devkitpro/libnx/lib/libnx.a(fs_dev.o)
                              /opt/devkitpro/libnx/lib/libnx.a(init.o) (fsdevMountSdmc)
/opt/devkitpro/libnx/lib/libnx.a(decode_utf8.o)
                              /opt/devkitpro/libnx/lib/libnx.a(fs_dev.o) (decode_utf8)
/opt/devkitpro/libnx/lib/libnx.a(cache.o)
                              /opt/devkitpro/libnx/lib/libnx.a(framebuffer.o) (armDCacheFlush)
/opt/devkitpro/libnx/lib/libnx.a(exception.o)
                              /opt/devkitpro/libnx/lib/libnx.a(switch_crt0.o) (__libnx_exception_entry)
/opt/devkitpro/libnx/lib/libnx.a(readtp.o)
                              /opt/devkitpro/libnx/lib/libnx.a(fs_dev.o) (__aarch64_read_tp)
/opt/devkitpro/libnx/lib/libnx.a(thread.o)
                              /opt/devkitpro/libnx/lib/libnx.a(newlib.o) (threadCreate)
/opt/devkitpro/libnx/lib/libnx.a(nv.o)
                              /opt/devkitpro/libnx/lib/libnx.a(framebuffer.o) (nvExit)
/opt/devkitpro/libnx/lib/libnx.a(time.o)
                              /opt/devkitpro/libnx/lib/libnx.a(init.o) (timeExit)
/opt/devkitpro/libnx/lib/libnx.a(vi.o)
                              /opt/devkitpro/libnx/lib/libnx.a(default_window.o) (viExit)
/opt/devkitpro/libnx/lib/libnx.a(set.o)
[...]
Memory Configuration

Name             Origin             Length             Attributes
*default*        0x0000000000000000 0xffffffffffffffff

Linker script and memory map

                0x0000000000000000                PROVIDE (__start__ = 0x0)
                0x0000000000000000                . = __start__
                0x0000000000000000                __code_start = .

.crt0           0x0000000000000000      0x158
 *(.crt0)
 .crt0          0x0000000000000000      0x158 /opt/devkitpro/libnx/lib/libnx.a(switch_crt0.o)
                0x0000000000000000                _start
                0x0000000000000120                __nx_exit
                0x0000000000000130                __nx_mod0
                0x0000000000000158                . = ALIGN (0x8)

.init           0x0000000000000158       0x38
 *(.init)
 .init          0x0000000000000158       0x18 /opt/devkitpro/devkitA64/lib/gcc/aarch64-none-elf/8.3.0/pic/crti.o
                0x0000000000000158                _init
 .init          0x0000000000000170       0x1c /opt/devkitpro/devkitA64/lib/gcc/aarch64-none-elf/8.3.0/pic/crtn.o
                0x0000000000000190                . = ALIGN (0x8)
 *fill*         0x000000000000018c        0x4 

.plt            0x0000000000000190        0x0
 *(.plt)
 .plt           0x0000000000000190        0x0 /opt/devkitpro/devkitA64/lib/gcc/aarch64-none-elf/8.3.0/pic/crti.o
 *(.iplt)
                0x0000000000000190                . = ALIGN (0x8)

.text           0x00000000000001c0    0x29270
 *(.text.unlikely .text.*_unlikely .text.unlikely.*)
 *(.text.exit .text.exit.*)
 .text.exit     0x00000000000001c0       0x38 /opt/devkitpro/devkitA64/lib/gcc/aarch64-none-elf/8.3.0/../../../../aarch64-none-elf/lib/pic/libg.a(lib_a-exit.o)
                0x00000000000001c0                exit
 *(.text.startup .text.startup.*)
 *fill*         0x00000000000001f8        0x8 
 .text.startup.main
                0x0000000000000200      0x194 main.o
                0x0000000000000200                main
 *(.text.hot .text.hot.*)
 *(.text .stub .text.* .gnu.linkonce.t.*)
 *fill*         0x0000000000000394        0x4 
 .text.deregister_tm_clones
                0x0000000000000398       0x2c /opt/devkitpro/devkitA64/lib/gcc/aarch64-none-elf/8.3.0/pic/crtbegin.o
 *fill*         0x00000000000003c4        0x4 
 .text.register_tm_clones
                0x00000000000003c8       0x38 /opt/devkitpro/devkitA64/lib/gcc/aarch64-none-elf/8.3.0/pic/crtbegin.o
 .text.__do_global_dtors_aux
                0x0000000000000400       0x48 /opt/devkitpro/devkitA64/lib/gcc/aarch64-none-elf/8.3.0/pic/crtbegin.o
 .text.frame_dummy
                0x0000000000000448       0x34 /opt/devkitpro/devkitA64/lib/gcc/aarch64-none-elf/8.3.0/pic/crtbegin.o
 *fill*         0x000000000000047c        0x4 
 .text.printHeader
                0x0000000000000480       0x5c print.o
                0x0000000000000480                printHeader
 *fill*         0x00000000000004dc        0x4 
 .text.drawButton
                0x00000000000004e0       0xa4 print.o
                0x00000000000004e0                drawButton
 *fill*         0x0000000000000584        0xc 
 .text.warningMessage
                0x0000000000000590       0xb8 print.o
                0x0000000000000590                warningMessage
 *fill*         0x0000000000000648        0x8 
 .text.progressBar
                0x0000000000000650       0xa4 print.o
                0x0000000000000650                progressBar
 *fill*         0x00000000000006f4        0xc 
 .text.copyFile
                0x0000000000000700      0x184 main.o
                0x0000000000000700                copyFile
 *fill*         0x0000000000000884        0xc 
 .text.enableMod
                0x0000000000000890       0xa0 main.o
                0x0000000000000890                enableMod
 .text.checkNeededFile
                0x0000000000000930      0x130 main.o
                0x0000000000000930                checkNeededFile
 .text.do_iram_dram_copy.constprop.0
                0x0000000000000a60       0x7c reboot.o
 *fill*         0x0000000000000adc        0x4 
 .text.reboottopayload
                0x0000000000000ae0      0x15c reboot.o
                0x0000000000000ae0                reboottopayload
 *fill*         0x0000000000000c3c        0x4 
 .text.ipcPrepareHeader
                0x0000000000000c40      0x220 /opt/devkitpro/libnx/lib/libnx.a(applet.o)
 .text.ipcParse
                0x0000000000000e60      0x22c /opt/devkitpro/libnx/lib/libnx.a(applet.o)
 *fill*         0x000000000000108c        0x4 
 .text.serviceIpcParse
                0x0000000000001090       0xb0 /opt/devkitpro/libnx/lib/libnx.a(applet.o)
 .text.ipcConvertSessionToDomain
                0x0000000000001140       0x78 /opt/devkitpro/libnx/lib/libnx.a(applet.o)
 *fill*         0x00000000000011b8        0x8 
 .text.ipcCloneSession.constprop.52
                0x00000000000011c0       0x84 /opt/devkitpro/libnx/lib/libnx.a(applet.o)
 *fill*         0x0000000000001244        0xc 
 .text.ipcCloseObjectById
                0x0000000000001250       0x34 /opt/devkitpro/libnx/lib/libnx.a(applet.o)
 *fill*         0x0000000000001284        0xc 
 .text.serviceClose
                0x0000000000001290       0x6c /opt/devkitpro/libnx/lib/libnx.a(applet.o)
 *fill*         0x00000000000012fc        0x4 
 .text._appletReceiveMessage
                0x0000000000001300      0x19c /opt/devkitpro/libnx/lib/libnx.a(applet.o)
 *fill*         0x000000000000149c        0x4 
 .text._appletCmdNoIO
                0x00000000000014a0      0x164 /opt/devkitpro/libnx/lib/libnx.a(applet.o)
 *fill*         0x0000000000001604        0xc 
 .text._appletGetOperationMode.constprop.43
                0x0000000000001610      0x18c /opt/devkitpro/libnx/lib/libnx.a(applet.o)
 *fill*         0x000000000000179c        0x4 
 .text._appletGetCurrentFocusState.constprop.45
                0x00000000000017a0      0x18c /opt/devkitpro/libnx/lib/libnx.a(applet.o)
 *fill*         0x000000000000192c        0x4 
 .text._appletGetPerformanceMode.constprop.44
                0x0000000000001930      0x18c /opt/devkitpro/libnx/lib/libnx.a(applet.o)
 *fill*         0x0000000000001abc        0x4 
 .text._appletGetSession
                0x0000000000001ac0      0x1d8 /opt/devkitpro/libnx/lib/libnx.a(applet.o)
 *fill*         0x0000000000001c98        0x8 
 .text._appletCmdNoInOut64
                0x0000000000001ca0      0x17c /opt/devkitpro/libnx/lib/libnx.a(applet.o)
 *fill*         0x0000000000001e1c        0x4 
 .text._appletSetOperationModeChangedNotification.constprop.46
                0x0000000000001e20      0x164 /opt/devkitpro/libnx/lib/libnx.a(applet.o)
 *fill*         0x0000000000001f84        0xc 
 .text._appletSetOutOfFocusSuspendingEnabled
                0x0000000000001f90      0x16c /opt/devkitpro/libnx/lib/libnx.a(applet.o)
 *fill*         0x00000000000020fc        0x4 
 .text._appletSetPerformanceModeChangedNotification.constprop.47
                0x0000000000002100      0x164 /opt/devkitpro/libnx/lib/libnx.a(applet.o)
 *fill*         0x0000000000002264        0xc 
 .text._appletCmdInU32.constprop.48
                0x0000000000002270      0x16c /opt/devkitpro/libnx/lib/libnx.a(applet.o)
 *fill*         0x00000000000023dc        0x4 
 .text._appletSetFocusHandlingMode
                0x00000000000023e0      0x17c /opt/devkitpro/libnx/lib/libnx.a(applet.o)
 *fill*         0x000000000000255c        0x4 
 .text._appletGetHandle.constprop.42
                0x0000000000002560      0x178 /opt/devkitpro/libnx/lib/libnx.a(applet.o)
 *fill*         0x00000000000026d8        0x8 
 .text._appletGetEvent.constprop.41
                0x00000000000026e0       0x54 /opt/devkitpro/libnx/lib/libnx.a(applet.o)
 *fill*         0x0000000000002734        0xc 
 .text._appletGetSessionProxy.constprop.40
                0x0000000000002740      0x1f0 /opt/devkitpro/libnx/lib/libnx.a(applet.o)
 .text.appletGetAppletType
                0x0000000000002930       0x10 /opt/devkitpro/libnx/lib/libnx.a(applet.o)
                0x0000000000002930                appletGetAppletType
 .text.appletSetFocusHandlingMode
                0x0000000000002940       0xf0 /opt/devkitpro/libnx/lib/libnx.a(applet.o)
                0x0000000000002940                appletSetFocusHandlingMode
 .text.appletGetAppletResourceUserId
                0x0000000000002a30       0x28 /opt/devkitpro/libnx/lib/libnx.a(applet.o)
                0x0000000000002a30                appletGetAppletResourceUserId
 *fill*         0x0000000000002a58        0x8 
 .text.appletNotifyRunning
                0x0000000000002a60      0x174 /opt/devkitpro/libnx/lib/libnx.a(applet.o)
                0x0000000000002a60                appletNotifyRunning
 *fill*         0x0000000000002bd4        0xc 
 .text.appletSetGamePlayRecordingState
                0x0000000000002be0      0x158 /opt/devkitpro/libnx/lib/libnx.a(applet.o)
                0x0000000000002be0                appletSetGamePlayRecordingState
 *fill*         0x0000000000002d38        0x8 
 .text.appletSetCpuBoostMode
                0x0000000000002d40       0x50 /opt/devkitpro/libnx/lib/libnx.a(applet.o)
                0x0000000000002d40                appletSetCpuBoostMode
 .text.appletExit
                0x0000000000002d90      0x5dc /opt/devkitpro/libnx/lib/libnx.a(applet.o)
                0x0000000000002d90                appletExit
 *fill*         0x000000000000336c        0x4 
 .text.appletInitialize
                0x0000000000003370      0x4f0 /opt/devkitpro/libnx/lib/libnx.a(applet.o)
                0x0000000000003370                appletInitialize
 .text._appletExitProcess
                0x0000000000003860       0x10 /opt/devkitpro/libnx/lib/libnx.a(applet.o)
 .text.appletCreateManagedDisplayLayer
                0x0000000000003870       0x14 /opt/devkitpro/libnx/lib/libnx.a(applet.o)
                0x0000000000003870                appletCreateManagedDisplayLayer
 *fill*         0x0000000000003884        0xc 
 .text.appletGetMessage
                0x0000000000003890       0x5c /opt/devkitpro/libnx/lib/libnx.a(applet.o)
                0x0000000000003890                appletGetMessage
 *fill*         0x00000000000038ec        0x4 
 .text.appletProcessMessage
                0x00000000000038f0      0x118 /opt/devkitpro/libnx/lib/libnx.a(applet.o)
                0x00000000000038f0                appletProcessMessage
 *fill*         0x0000000000003a08        0x8 
 .text.appletMainLoop
                0x0000000000003a10       0x34 /opt/devkitpro/libnx/lib/libnx.a(applet.o)
                0x0000000000003a10                appletMainLoop
 *fill*         0x0000000000003a44        0xc 
 .text.ipcCloseObjectById
                0x0000000000003a50       0x34 /opt/devkitpro/libnx/lib/libnx.a(hid.o)
 *fill*         0x0000000000003a84        0xc 
 .text._hidGetSharedMemoryHandle.constprop.10
                0x0000000000003a90      0x124 /opt/devkitpro/libnx/lib/libnx.a(hid.o)
 *fill*         0x0000000000003bb4        0xc 
 .text._hidCmdWithNoInput
                0x0000000000003bc0      0x100 /opt/devkitpro/libnx/lib/libnx.a(hid.o)
 .text._hidCreateAppletResource.constprop.9
                0x0000000000003cc0      0x134 /opt/devkitpro/libnx/lib/libnx.a(hid.o)
 *fill*         0x0000000000003df4        0xc 
 .text._hidCmdWithInputU32
                0x0000000000003e00      0x10c /opt/devkitpro/libnx/lib/libnx.a(hid.o)
 *fill*         0x0000000000003f0c        0x4 
 .text._hidCmdWithInputU64.constprop.11
                0x0000000000003f10      0x108 /opt/devkitpro/libnx/lib/libnx.a(hid.o)
 *fill*         0x0000000000004018        0x8 
 .text.hidReset
                0x0000000000004020      0x1e0 /opt/devkitpro/libnx/lib/libnx.a(hid.o)
                0x0000000000004020                hidReset
 .text.hidGetSharedmemAddr
                0x0000000000004200        0xc /opt/devkitpro/libnx/lib/libnx.a(hid.o)
                0x0000000000004200                hidGetSharedmemAddr
 *fill*         0x000000000000420c        0x4 
 .text.hidKeysDown
                0x0000000000004210       0x6c /opt/devkitpro/libnx/lib/libnx.a(hid.o)
                0x0000000000004210                hidKeysDown
 *fill*         0x000000000000427c        0x4 
 .text.hidTouchCount
                0x0000000000004280        0xc /opt/devkitpro/libnx/lib/libnx.a(hid.o)
                0x0000000000004280                hidTouchCount
 *fill*         0x000000000000428c        0x4 
 .text.hidScanInput
                0x0000000000004290      0x578 /opt/devkitpro/libnx/lib/libnx.a(hid.o)
                0x0000000000004290                hidScanInput
 *fill*         0x0000000000004808        0x8 
 .text.hidSetSupportedNpadIdType
                0x0000000000004810      0x198 /opt/devkitpro/libnx/lib/libnx.a(hid.o)
                0x0000000000004810                hidSetSupportedNpadIdType
 *fill*         0x00000000000049a8        0x8 
 .text.hidSetSupportedNpadStyleSet
                0x00000000000049b0        0xc /opt/devkitpro/libnx/lib/libnx.a(hid.o)
                0x00000000000049b0                hidSetSupportedNpadStyleSet
 *fill*         0x00000000000049bc        0x4 
 .text.hidSetNpadJoyHoldType
                0x00000000000049c0        0x8 /opt/devkitpro/libnx/lib/libnx.a(hid.o)
                0x00000000000049c0                hidSetNpadJoyHoldType
 *fill*         0x00000000000049c8        0x8 
 .text.hidSetNpadJoyAssignmentModeDual
                0x00000000000049d0        0xc /opt/devkitpro/libnx/lib/libnx.a(hid.o)
                0x00000000000049d0                hidSetNpadJoyAssignmentModeDual
 *fill*         0x00000000000049dc        0x4 
 .text.hidExit  0x00000000000049e0      0x12c /opt/devkitpro/libnx/lib/libnx.a(hid.o)
                0x00000000000049e0                hidExit
 *fill*         0x0000000000004b0c        0x4 
 .text.hidInitialize
                0x0000000000004b10      0x168 /opt/devkitpro/libnx/lib/libnx.a(hid.o)
                0x0000000000004b10                hidInitialize
 *fill*         0x0000000000004c78        0x8 
 .text.ipcCloseObjectById
                0x0000000000004c80       0x34 /opt/devkitpro/libnx/lib/libnx.a(apm.o)
 *fill*         0x0000000000004cb4        0xc 
 .text._apmGetSession.constprop.4
                0x0000000000004cc0      0x124 /opt/devkitpro/libnx/lib/libnx.a(apm.o)
 *fill*         0x0000000000004de4        0xc 
 .text.apmExit  0x0000000000004df0       0xf0 /opt/devkitpro/libnx/lib/libnx.a(apm.o)
                0x0000000000004df0                apmExit
 .text.apmInitialize
                0x0000000000004ee0       0x70 /opt/devkitpro/libnx/lib/libnx.a(apm.o)
                0x0000000000004ee0                apmInitialize
 .text.apmSetPerformanceConfiguration
                0x0000000000004f50       0xcc /opt/devkitpro/libnx/lib/libnx.a(apm.o)
                0x0000000000004f50                apmSetPerformanceConfiguration
 *fill*         0x000000000000501c        0x4 
 .text._fatalImpl
                0x0000000000005020      0x140 /opt/devkitpro/libnx/lib/libnx.a(fatal.o)
 .text.fatalWithType
                0x0000000000005160       0x14 /opt/devkitpro/libnx/lib/libnx.a(fatal.o)
                0x0000000000005160                fatalWithType
 *fill*         0x0000000000005174        0xc 
 .text.fatalSimple
                0x0000000000005180       0x14 /opt/devkitpro/libnx/lib/libnx.a(fatal.o)
                0x0000000000005180                fatalSimple
 *fill*         0x0000000000005194        0xc 
 .text._splSrvInitialize
                0x00000000000051a0       0x2c /opt/devkitpro/libnx/lib/libnx.a(spl.o)
 *fill*         0x00000000000051cc        0x4 
 .text._splGetCryptoSrv
                0x00000000000051d0       0x7c /opt/devkitpro/libnx/lib/libnx.a(spl.o)
 *fill*         0x000000000000524c        0x4 
 .text._splGetGeneralSrv.part.6
                0x0000000000005250       0x18 /opt/devkitpro/libnx/lib/libnx.a(spl.o)
 *fill*         0x0000000000005268        0x8 
 .text.ipcCloseObjectById
                0x0000000000005270       0x34 /opt/devkitpro/libnx/lib/libnx.a(spl.o)
 *fill*         0x00000000000052a4        0xc 
 .text._splSrvExit
                0x00000000000052b0       0x78 /opt/devkitpro/libnx/lib/libnx.a(spl.o)
 *fill*         0x0000000000005328        0x8 
 .text.splInitialize
                0x0000000000005330       0x1c /opt/devkitpro/libnx/lib/libnx.a(spl.o)
                0x0000000000005330                splInitialize
 *fill*         0x000000000000534c        0x4 
 .text.splExit  0x0000000000005350       0x14 /opt/devkitpro/libnx/lib/libnx.a(spl.o)
                0x0000000000005350                splExit
 *fill*         0x0000000000005364        0xc 
 .text.splSetConfig
                0x0000000000005370       0xf4 /opt/devkitpro/libnx/lib/libnx.a(spl.o)
                0x0000000000005370                splSetConfig
 *fill*         0x0000000000005464        0xc 
 .text.smAddOverrideHandle
                0x0000000000005470       0x44 /opt/devkitpro/libnx/lib/libnx.a(sm.o)
                0x0000000000005470                smAddOverrideHandle
 *fill*         0x00000000000054b4        0xc 
 .text.smGetServiceOverride
                0x00000000000054c0       0x60 /opt/devkitpro/libnx/lib/libnx.a(sm.o)
                0x00000000000054c0                smGetServiceOverride
 .text.smHasInitialized
                0x0000000000005520       0x14 /opt/devkitpro/libnx/lib/libnx.a(sm.o)
                0x0000000000005520                smHasInitialized
 *fill*         0x0000000000005534        0xc 
 .text.smExit   0x0000000000005540       0x5c /opt/devkitpro/libnx/lib/libnx.a(sm.o)
                0x0000000000005540                smExit
 *fill*         0x000000000000559c        0x4 
 .text.smEncodeName
                0x00000000000055a0       0x38 /opt/devkitpro/libnx/lib/libnx.a(sm.o)
                0x00000000000055a0                smEncodeName
 *fill*         0x00000000000055d8        0x8 
 .text.smGetServiceOriginal
                0x00000000000055e0      0x12c /opt/devkitpro/libnx/lib/libnx.a(sm.o)
                0x00000000000055e0                smGetServiceOriginal
 *fill*         0x000000000000570c        0x4 
 .text.smInitialize
                0x0000000000005710      0x1a0 /opt/devkitpro/libnx/lib/libnx.a(sm.o)
                0x0000000000005710                smInitialize
 .text.smGetService
                0x00000000000058b0       0x74 /opt/devkitpro/libnx/lib/libnx.a(sm.o)
                0x00000000000058b0                smGetService
 *fill*         0x0000000000005924        0xc 
 .text.hosversionGet
                0x0000000000005930       0x10 /opt/devkitpro/libnx/lib/libnx.a(hosversion.o)
                0x0000000000005930                hosversionGet
 .text.hosversionSet
                0x0000000000005940       0x10 /opt/devkitpro/libnx/lib/libnx.a(hosversion.o)
                0x0000000000005940                hosversionSet
 .text.envSetup
                0x0000000000005950      0x208 /opt/devkitpro/libnx/lib/libnx.a(env.o)
                0x0000000000005950                envSetup
 *fill*         0x0000000000005b58        0x8 
 .text.envGetMainThreadHandle
                0x0000000000005b60       0x20 /opt/devkitpro/libnx/lib/libnx.a(env.o)
                0x0000000000005b60                envGetMainThreadHandle
 .text.envIsNso
                0x0000000000005b80        0xc /opt/devkitpro/libnx/lib/libnx.a(env.o)
                0x0000000000005b80                envIsNso
 *fill*         0x0000000000005b8c        0x4 
 .text.envHasHeapOverride
                0x0000000000005b90       0x14 /opt/devkitpro/libnx/lib/libnx.a(env.o)
                0x0000000000005b90                envHasHeapOverride
 *fill*         0x0000000000005ba4        0xc 
 .text.envGetHeapOverrideAddr
                0x0000000000005bb0        0xc /opt/devkitpro/libnx/lib/libnx.a(env.o)
                0x0000000000005bb0                envGetHeapOverrideAddr
 *fill*         0x0000000000005bbc        0x4 
 .text.envGetHeapOverrideSize
                0x0000000000005bc0        0xc /opt/devkitpro/libnx/lib/libnx.a(env.o)
                0x0000000000005bc0                envGetHeapOverrideSize
 *fill*         0x0000000000005bcc        0x4 
 .text.envHasArgv
                0x0000000000005bd0       0x14 /opt/devkitpro/libnx/lib/libnx.a(env.o)
                0x0000000000005bd0                envHasArgv
 *fill*         0x0000000000005be4        0xc 
 .text.envGetArgv
                0x0000000000005bf0        0xc /opt/devkitpro/libnx/lib/libnx.a(env.o)
                0x0000000000005bf0                envGetArgv
 *fill*         0x0000000000005bfc        0x4 
 .text.envGetExitFuncPtr
                0x0000000000005c00        0xc /opt/devkitpro/libnx/lib/libnx.a(env.o)
                0x0000000000005c00                envGetExitFuncPtr
 *fill*         0x0000000000005c0c        0x4 
 .text.envSetExitFuncPtr
                0x0000000000005c10        0xc /opt/devkitpro/libnx/lib/libnx.a(env.o)
                0x0000000000005c10                envSetExitFuncPtr
 *fill*         0x0000000000005c1c        0x4 
 .text.consoleDrawChar
                0x0000000000005c20       0x44 /opt/devkitpro/libnx/lib/libnx.a(console.o)
 *fill*         0x0000000000005c64        0xc 
 .text.consoleClearLine
                0x0000000000005c70      0x140 /opt/devkitpro/libnx/lib/libnx.a(console.o)
 .text.consoleNewRow
                0x0000000000005db0       0x4c /opt/devkitpro/libnx/lib/libnx.a(console.o)
 *fill*         0x0000000000005dfc        0x4 
 .text.consolePrintChar
                0x0000000000005e00      0x118 /opt/devkitpro/libnx/lib/libnx.a(console.o)
 *fill*         0x0000000000005f18        0x8 
 .text.consoleCls
                0x0000000000005f20      0x15c /opt/devkitpro/libnx/lib/libnx.a(console.o)
 *fill*         0x000000000000607c        0x4 
 .text.con_write
                0x0000000000006080      0x7e0 /opt/devkitpro/libnx/lib/libnx.a(console.o)
 .text.consoleInit
                0x0000000000006860      0x11c /opt/devkitpro/libnx/lib/libnx.a(console.o)
                0x0000000000006860                consoleInit
 *fill*         0x000000000000697c        0x4 
 .text.consoleExit
                0x0000000000006980       0x48 /opt/devkitpro/libnx/lib/libnx.a(console.o)
                0x0000000000006980                consoleExit
 *fill*         0x00000000000069c8        0x8 
 .text.consoleUpdate
                0x00000000000069d0       0x28 /opt/devkitpro/libnx/lib/libnx.a(console.o)
                0x00000000000069d0                consoleUpdate
 *fill*         0x00000000000069f8        0x8 
 .text.consoleClear
                0x0000000000006a00        0xc /opt/devkitpro/libnx/lib/libnx.a(console.o)
                0x0000000000006a00                consoleClear
 *fill*         0x0000000000006a0c        0x4 
 .text.ConsoleSwRenderer_flushAndSwap
                0x0000000000006a10       0x70 /opt/devkitpro/libnx/lib/libnx.a(console_sw.o)
 .text.ConsoleSwRenderer_scrollWindow
                0x0000000000006a80       0xc4 /opt/devkitpro/libnx/lib/libnx.a(console_sw.o)
 *fill*         0x0000000000006b44        0xc 
 .text.ConsoleSwRenderer_drawChar
                0x0000000000006b50      0x188 /opt/devkitpro/libnx/lib/libnx.a(console_sw.o)
 *fill*         0x0000000000006cd8        0x8 
 .text.ConsoleSwRenderer_deinit
                0x0000000000006ce0       0x3c /opt/devkitpro/libnx/lib/libnx.a(console_sw.o)
 *fill*         0x0000000000006d1c        0x4 
 .text.ConsoleSwRenderer_init
                0x0000000000006d20       0xf4 /opt/devkitpro/libnx/lib/libnx.a(console_sw.o)
 *fill*         0x0000000000006e14        0xc 
 .text.getDefaultConsoleRenderer
                0x0000000000006e20        0xc /opt/devkitpro/libnx/lib/libnx.a(console_sw.o)
                0x0000000000006e20                getDefaultConsoleRenderer
 .text.svcSetHeapSize
                0x0000000000006e2c       0x14 /opt/devkitpro/libnx/lib/libnx.a(svc.o)
                0x0000000000006e2c                svcSetHeapSize
 .text.svcSetMemoryAttribute
                0x0000000000006e40        0x8 /opt/devkitpro/libnx/lib/libnx.a(svc.o)
                0x0000000000006e40                svcSetMemoryAttribute
 .text.svcUnmapMemory
                0x0000000000006e48        0x8 /opt/devkitpro/libnx/lib/libnx.a(svc.o)
                0x0000000000006e48                svcUnmapMemory
 .text.svcQueryMemory
                0x0000000000006e50       0x14 /opt/devkitpro/libnx/lib/libnx.a(svc.o)
                0x0000000000006e50                svcQueryMemory
 .text.svcExitProcess
                0x0000000000006e64        0x8 /opt/devkitpro/libnx/lib/libnx.a(svc.o)
                0x0000000000006e64                svcExitProcess
 .text.svcSleepThread
                0x0000000000006e6c        0x8 /opt/devkitpro/libnx/lib/libnx.a(svc.o)
                0x0000000000006e6c                svcSleepThread
 .text.svcMapSharedMemory
                0x0000000000006e74        0x8 /opt/devkitpro/libnx/lib/libnx.a(svc.o)
                0x0000000000006e74                svcMapSharedMemory
 .text.svcUnmapSharedMemory
                0x0000000000006e7c        0x8 /opt/devkitpro/libnx/lib/libnx.a(svc.o)
                0x0000000000006e7c                svcUnmapSharedMemory
 .text.svcCreateTransferMemory
                0x0000000000006e84       0x14 /opt/devkitpro/libnx/lib/libnx.a(svc.o)
                0x0000000000006e84                svcCreateTransferMemory
 .text.svcCloseHandle
                0x0000000000006e98        0x8 /opt/devkitpro/libnx/lib/libnx.a(svc.o)
                0x0000000000006e98                svcCloseHandle
 .text.svcResetSignal
                0x0000000000006ea0        0x8 /opt/devkitpro/libnx/lib/libnx.a(svc.o)
                0x0000000000006ea0                svcResetSignal
 .text.svcWaitSynchronization
                0x0000000000006ea8       0x14 /opt/devkitpro/libnx/lib/libnx.a(svc.o)
                0x0000000000006ea8                svcWaitSynchronization
 .text.svcArbitrateLock
                0x0000000000006ebc        0x8 /opt/devkitpro/libnx/lib/libnx.a(svc.o)
                0x0000000000006ebc                svcArbitrateLock
 .text.svcArbitrateUnlock
                0x0000000000006ec4        0x8 /opt/devkitpro/libnx/lib/libnx.a(svc.o)
                0x0000000000006ec4                svcArbitrateUnlock
 .text.svcWaitProcessWideKeyAtomic
                0x0000000000006ecc        0x8 /opt/devkitpro/libnx/lib/libnx.a(svc.o)
                0x0000000000006ecc                svcWaitProcessWideKeyAtomic
 .text.svcSignalProcessWideKey
                0x0000000000006ed4        0x8 /opt/devkitpro/libnx/lib/libnx.a(svc.o)
                0x0000000000006ed4                svcSignalProcessWideKey
 .text.svcConnectToNamedPort
                0x0000000000006edc       0x14 /opt/devkitpro/libnx/lib/libnx.a(svc.o)
                0x0000000000006edc                svcConnectToNamedPort
 .text.svcSendSyncRequest
                0x0000000000006ef0        0x8 /opt/devkitpro/libnx/lib/libnx.a(svc.o)
                0x0000000000006ef0                svcSendSyncRequest
 .text.svcBreak
                0x0000000000006ef8        0x8 /opt/devkitpro/libnx/lib/libnx.a(svc.o)
                0x0000000000006ef8                svcBreak
 .text.svcReturnFromException
                0x0000000000006f00        0x8 /opt/devkitpro/libnx/lib/libnx.a(svc.o)
                0x0000000000006f00                svcReturnFromException
 .text.svcGetInfo
                0x0000000000006f08       0x14 /opt/devkitpro/libnx/lib/libnx.a(svc.o)
                0x0000000000006f08                svcGetInfo
 .text.svcUnmapTransferMemory
                0x0000000000006f1c        0x8 /opt/devkitpro/libnx/lib/libnx.a(svc.o)
                0x0000000000006f1c                svcUnmapTransferMemory
 .text.svcCallSecureMonitor
                0x0000000000006f24       0x34 /opt/devkitpro/libnx/lib/libnx.a(svc.o)
                0x0000000000006f24                svcCallSecureMonitor
 *fill*         0x0000000000006f58        0x8 
 .text.detectKernelVersion
                0x0000000000006f60      0x17c /opt/devkitpro/libnx/lib/libnx.a(detect.o)
                0x0000000000006f60                detectKernelVersion
 *fill*         0x00000000000070dc        0x4 
 .text.detectDebugger
                0x00000000000070e0       0x30 /opt/devkitpro/libnx/lib/libnx.a(detect.o)
                0x00000000000070e0                detectDebugger
 .text.shmemLoadRemote
                0x0000000000007110       0x14 /opt/devkitpro/libnx/lib/libnx.a(shmem.o)
                0x0000000000007110                shmemLoadRemote
 *fill*         0x0000000000007124        0xc 
 .text.shmemMap
                0x0000000000007130       0x84 /opt/devkitpro/libnx/lib/libnx.a(shmem.o)
                0x0000000000007130                shmemMap
 *fill*         0x00000000000071b4        0xc 
 .text.shmemUnmap
                0x00000000000071c0       0x58 /opt/devkitpro/libnx/lib/libnx.a(shmem.o)
                0x00000000000071c0                shmemUnmap
 *fill*         0x0000000000007218        0x8 
 .text.shmemClose
                0x0000000000007220       0x44 /opt/devkitpro/libnx/lib/libnx.a(shmem.o)
                0x0000000000007220                shmemClose
 *fill*         0x0000000000007264        0xc 
 .text._waitLoop
                0x0000000000007270      0x104 /opt/devkitpro/libnx/lib/libnx.a(wait.o)
 *fill*         0x0000000000007374        0xc 
 .text._waitObjectsImpl
                0x0000000000007380      0x338 /opt/devkitpro/libnx/lib/libnx.a(wait.o)
 *fill*         0x00000000000076b8        0x8 
 .text.waitObjects
                0x00000000000076c0        0xc /opt/devkitpro/libnx/lib/libnx.a(wait.o)
                0x00000000000076c0                waitObjects
 *fill*         0x00000000000076cc        0x4 
 .text.rwlockReadLock
                0x00000000000076d0       0x58 /opt/devkitpro/libnx/lib/libnx.a(rwlock.o)
                0x00000000000076d0                rwlockReadLock
 *fill*         0x0000000000007728        0x8 
 .text.rwlockReadUnlock
                0x0000000000007730       0x5c /opt/devkitpro/libnx/lib/libnx.a(rwlock.o)
                0x0000000000007730                rwlockReadUnlock
 *fill*         0x000000000000778c        0x4 
 .text.rwlockWriteLock
                0x0000000000007790       0x84 /opt/devkitpro/libnx/lib/libnx.a(rwlock.o)
                0x0000000000007790                rwlockWriteLock
 *fill*         0x0000000000007814        0xc 
 .text.rwlockWriteUnlock
                0x0000000000007820       0x3c /opt/devkitpro/libnx/lib/libnx.a(rwlock.o)
                0x0000000000007820                rwlockWriteUnlock
 *fill*         0x000000000000785c        0x4 
 .text.tmemCreate
                0x0000000000007860       0xa8 /opt/devkitpro/libnx/lib/libnx.a(tmem.o)
                0x0000000000007860                tmemCreate
 *fill*         0x0000000000007908        0x8 
 .text.tmemUnmap
                0x0000000000007910       0x58 /opt/devkitpro/libnx/lib/libnx.a(tmem.o)
                0x0000000000007910                tmemUnmap
 *fill*         0x0000000000007968        0x8 
 .text.tmemClose
                0x0000000000007970       0x68 /opt/devkitpro/libnx/lib/libnx.a(tmem.o)
                0x0000000000007970                tmemClose
 *fill*         0x00000000000079d8        0x8 
 .text.mutexLock
                0x00000000000079e0       0x8c /opt/devkitpro/libnx/lib/libnx.a(mutex.o)
                0x00000000000079e0                mutexLock
 *fill*         0x0000000000007a6c        0x4 
 .text.mutexUnlock
                0x0000000000007a70       0x30 /opt/devkitpro/libnx/lib/libnx.a(mutex.o)
                0x0000000000007a70                mutexUnlock
 .text.rmutexLock
                0x0000000000007aa0       0x4c /opt/devkitpro/libnx/lib/libnx.a(mutex.o)
                0x0000000000007aa0                rmutexLock
 *fill*         0x0000000000007aec        0x4 
 .text.rmutexUnlock
                0x0000000000007af0       0x1c /opt/devkitpro/libnx/lib/libnx.a(mutex.o)
                0x0000000000007af0                rmutexUnlock
 *fill*         0x0000000000007b0c        0x4 
 .text._GetRegionFromInfo.isra.1
                0x0000000000007b10       0x7c /opt/devkitpro/libnx/lib/libnx.a(virtmem.o)
 *fill*         0x0000000000007b8c        0x4 
 .text.virtmemSetup
                0x0000000000007b90      0x114 /opt/devkitpro/libnx/lib/libnx.a(virtmem.o)
                0x0000000000007b90                virtmemSetup
 *fill*         0x0000000000007ca4        0xc 
 .text.virtmemReserve
                0x0000000000007cb0      0x13c /opt/devkitpro/libnx/lib/libnx.a(virtmem.o)
                0x0000000000007cb0                virtmemReserve
 *fill*         0x0000000000007dec        0x4 
 .text.virtmemFree
                0x0000000000007df0        0x4 /opt/devkitpro/libnx/lib/libnx.a(virtmem.o)
                0x0000000000007df0                virtmemFree
 *fill*         0x0000000000007df4        0xc 
 .text.eventLoadRemote
                0x0000000000007e00        0xc /opt/devkitpro/libnx/lib/libnx.a(event.o)
                0x0000000000007e00                eventLoadRemote
 *fill*         0x0000000000007e0c        0x4 
 .text.eventWait
                0x0000000000007e10       0x38 /opt/devkitpro/libnx/lib/libnx.a(event.o)
                0x0000000000007e10                eventWait
 *fill*         0x0000000000007e48        0x8 
 .text.eventClose
                0x0000000000007e50       0x50 /opt/devkitpro/libnx/lib/libnx.a(event.o)
                0x0000000000007e50                eventClose
 .text.condvarWaitTimeout
                0x0000000000007ea0       0x60 /opt/devkitpro/libnx/lib/libnx.a(condvar.o)
                0x0000000000007ea0                condvarWaitTimeout
 .text.framebufferMakeLinear
                0x0000000000007f00       0x80 /opt/devkitpro/libnx/lib/libnx.a(framebuffer.o)
                0x0000000000007f00                framebufferMakeLinear
 .text.framebufferClose
                0x0000000000007f80       0x78 /opt/devkitpro/libnx/lib/libnx.a(framebuffer.o)
                0x0000000000007f80                framebufferClose
 *fill*         0x0000000000007ff8        0x8 
 .text.framebufferCreate
                0x0000000000008000      0x298 /opt/devkitpro/libnx/lib/libnx.a(framebuffer.o)
                0x0000000000008000                framebufferCreate
 *fill*         0x0000000000008298        0x8 
 .text.framebufferBegin
                0x00000000000082a0       0x80 /opt/devkitpro/libnx/lib/libnx.a(framebuffer.o)
                0x00000000000082a0                framebufferBegin
 .text.framebufferEnd
                0x0000000000008320      0x17c /opt/devkitpro/libnx/lib/libnx.a(framebuffer.o)
                0x0000000000008320                framebufferEnd
 *fill*         0x000000000000849c        0x4 
 .text.nwindowGetDefault
                0x00000000000084a0        0xc /opt/devkitpro/libnx/lib/libnx.a(default_window.o)
                0x00000000000084a0                nwindowGetDefault
 *fill*         0x00000000000084ac        0x4 
 .text.__nx_win_init
                0x00000000000084b0       0xc8 /opt/devkitpro/libnx/lib/libnx.a(default_window.o)
                0x00000000000084b0                __nx_win_init
 *fill*         0x0000000000008578        0x8 
 .text.__nx_win_exit
                0x0000000000008580       0x34 /opt/devkitpro/libnx/lib/libnx.a(default_window.o)
                0x0000000000008580                __nx_win_exit
 *fill*         0x00000000000085b4        0xc 
 .text._nwindowConnect
                0x00000000000085c0       0x54 /opt/devkitpro/libnx/lib/libnx.a(native_window.o)
 *fill*         0x0000000000008614        0xc 
 .text._nwindowDisconnect
                0x0000000000008620       0x40 /opt/devkitpro/libnx/lib/libnx.a(native_window.o)
 .text.nwindowIsValid
                0x0000000000008660       0x24 /opt/devkitpro/libnx/lib/libnx.a(native_window.o)
                0x0000000000008660                nwindowIsValid
 *fill*         0x0000000000008684        0xc 
 .text.nwindowClose
                0x0000000000008690       0x6c /opt/devkitpro/libnx/lib/libnx.a(native_window.o)
                0x0000000000008690                nwindowClose
 *fill*         0x00000000000086fc        0x4 
 .text.nwindowCreate
                0x0000000000008700       0xc4 /opt/devkitpro/libnx/lib/libnx.a(native_window.o)
                0x0000000000008700                nwindowCreate
 *fill*         0x00000000000087c4        0xc 
 .text.nwindowCreateFromLayer
                0x00000000000087d0        0xc /opt/devkitpro/libnx/lib/libnx.a(native_window.o)
                0x00000000000087d0                nwindowCreateFromLayer
 *fill*         0x00000000000087dc        0x4 
 .text.nwindowSetDimensions
                0x00000000000087e0       0x88 /opt/devkitpro/libnx/lib/libnx.a(native_window.o)
                0x00000000000087e0                nwindowSetDimensions
 *fill*         0x0000000000008868        0x8 
 .text.nwindowConfigureBuffer
                0x0000000000008870      0x154 /opt/devkitpro/libnx/lib/libnx.a(native_window.o)
                0x0000000000008870                nwindowConfigureBuffer
 *fill*         0x00000000000089c4        0xc 
 .text.nwindowDequeueBuffer
                0x00000000000089d0      0x1e4 /opt/devkitpro/libnx/lib/libnx.a(native_window.o)
                0x00000000000089d0                nwindowDequeueBuffer
 *fill*         0x0000000000008bb4        0xc 
 .text.nwindowQueueBuffer
                0x0000000000008bc0      0x144 /opt/devkitpro/libnx/lib/libnx.a(native_window.o)
                0x0000000000008bc0                nwindowQueueBuffer
 *fill*         0x0000000000008d04        0xc 
 .text.nwindowReleaseBuffers
                0x0000000000008d10       0xac /opt/devkitpro/libnx/lib/libnx.a(native_window.o)
                0x0000000000008d10                nwindowReleaseBuffers
 *fill*         0x0000000000008dbc        0x4 
 .text.__nx_dynamic
                0x0000000000008dc0       0xa0 /opt/devkitpro/libnx/lib/libnx.a(dynamic.o)
                0x0000000000008dc0                __nx_dynamic
 .text.__libnx_initheap
                0x0000000000008e60       0xd8 /opt/devkitpro/libnx/lib/libnx.a(init.o)
                0x0000000000008e60                __libnx_initheap
 *fill*         0x0000000000008f38        0x8 
 .text.__appInit
                0x0000000000008f40       0xdc /opt/devkitpro/libnx/lib/libnx.a(init.o)
                0x0000000000008f40                __appInit
 *fill*         0x000000000000901c        0x4 
 .text.__appExit
                0x0000000000009020       0x44 /opt/devkitpro/libnx/lib/libnx.a(init.o)
                0x0000000000009020                __appExit
 *fill*         0x0000000000009064        0xc 
 .text.__libnx_init
                0x0000000000009070       0x28 /opt/devkitpro/libnx/lib/libnx.a(init.o)
                0x0000000000009070                __libnx_init
 *fill*         0x0000000000009098        0x8 
 .text.__libnx_exit
                0x00000000000090a0       0x20 /opt/devkitpro/libnx/lib/libnx.a(init.o)
                0x00000000000090a0                __libnx_exit
 .text.__syscall_exit
                0x00000000000090c0       0x1c /opt/devkitpro/libnx/lib/libnx.a(newlib.o)
                0x00000000000090c0                __syscall_exit
 *fill*         0x00000000000090dc        0x4 
 .text.__syscall_getreent
                0x00000000000090e0       0x34 /opt/devkitpro/libnx/lib/libnx.a(newlib.o)
                0x00000000000090e0                __syscall_getreent
 *fill*         0x0000000000009114        0xc 
 .text.__syscall_lock_acquire
                0x0000000000009120        0x4 /opt/devkitpro/libnx/lib/libnx.a(newlib.o)
                0x0000000000009120                __syscall_lock_acquire
 *fill*         0x0000000000009124        0xc 
 .text.__syscall_lock_release
                0x0000000000009130        0x4 /opt/devkitpro/libnx/lib/libnx.a(newlib.o)
                0x0000000000009130                __syscall_lock_release
 *fill*         0x0000000000009134        0xc 
 .text.__syscall_lock_acquire_recursive
                0x0000000000009140        0x4 /opt/devkitpro/libnx/lib/libnx.a(newlib.o)
                0x0000000000009140                __syscall_lock_acquire_recursive
 *fill*         0x0000000000009144        0xc 
 .text.__syscall_lock_release_recursive
                0x0000000000009150        0x4 /opt/devkitpro/libnx/lib/libnx.a(newlib.o)
                0x0000000000009150                __syscall_lock_release_recursive
 *fill*         0x0000000000009154        0xc 
 .text.__libnx_init_time
                0x0000000000009160      0x27c /opt/devkitpro/libnx/lib/libnx.a(newlib.o)
                0x0000000000009160                __libnx_init_time
 *fill*         0x00000000000093dc        0x4 
 .text.newlibSetup
                0x00000000000093e0       0x80 /opt/devkitpro/libnx/lib/libnx.a(newlib.o)
                0x00000000000093e0                newlibSetup
 .text.argvSetup
                0x0000000000009460      0x324 /opt/devkitpro/libnx/lib/libnx.a(argv.o)
                0x0000000000009460                argvSetup
 *fill*         0x0000000000009784        0xc 
 .text.fsdev_link
                0x0000000000009790       0x10 /opt/devkitpro/libnx/lib/libnx.a(fs_dev.o)
 .text.fsdev_dirreset
                0x00000000000097a0       0x10 /opt/devkitpro/libnx/lib/libnx.a(fs_dev.o)
 .text.fsdev_chmod
                0x00000000000097b0       0x10 /opt/devkitpro/libnx/lib/libnx.a(fs_dev.o)
 .text.error_cmp
                0x00000000000097c0       0x1c /opt/devkitpro/libnx/lib/libnx.a(fs_dev.o)
 *fill*         0x00000000000097dc        0x4 
 .text.fsdev_translate_error
                0x00000000000097e0       0x58 /opt/devkitpro/libnx/lib/libnx.a(fs_dev.o)
 *fill*         0x0000000000009838        0x8 
 .text.fsdev_fsync
                0x0000000000009840       0x40 /opt/devkitpro/libnx/lib/libnx.a(fs_dev.o)
 .text.fsdev_ftruncate
                0x0000000000009880       0x60 /opt/devkitpro/libnx/lib/libnx.a(fs_dev.o)
 .text.fsdev_dirclose
                0x00000000000098e0       0x20 /opt/devkitpro/libnx/lib/libnx.a(fs_dev.o)
 .text.fsdev_dirnext
                0x0000000000009900      0x16c /opt/devkitpro/libnx/lib/libnx.a(fs_dev.o)
 *fill*         0x0000000000009a6c        0x4 
 .text.fsdev_close
                0x0000000000009a70       0x1c /opt/devkitpro/libnx/lib/libnx.a(fs_dev.o)
 *fill*         0x0000000000009a8c        0x4 
 .text.fsdev_fstat
                0x0000000000009a90       0xa4 /opt/devkitpro/libnx/lib/libnx.a(fs_dev.o)
 *fill*         0x0000000000009b34        0xc 
 .text.fsdev_seek
                0x0000000000009b40       0xb0 /opt/devkitpro/libnx/lib/libnx.a(fs_dev.o)
 .text.fsdev_read
                0x0000000000009bf0      0x198 /opt/devkitpro/libnx/lib/libnx.a(fs_dev.o)
 *fill*         0x0000000000009d88        0x8 
 .text.fsdev_write
                0x0000000000009d90      0x1a0 /opt/devkitpro/libnx/lib/libnx.a(fs_dev.o)
 .text.fsdevFindDevice
                0x0000000000009f30      0x120 /opt/devkitpro/libnx/lib/libnx.a(fs_dev.o)
 .text._fsdevMountDevice
                0x000000000000a050      0x140 /opt/devkitpro/libnx/lib/libnx.a(fs_dev.o)
 .text.fsdev_getfspath
                0x000000000000a190      0x1fc /opt/devkitpro/libnx/lib/libnx.a(fs_dev.o)
 *fill*         0x000000000000a38c        0x4 
 .text.fsdev_rmdir
                0x000000000000a390       0x70 /opt/devkitpro/libnx/lib/libnx.a(fs_dev.o)
 .text.fsdev_statvfs
                0x000000000000a400       0xd4 /opt/devkitpro/libnx/lib/libnx.a(fs_dev.o)
 *fill*         0x000000000000a4d4        0xc 
 .text.fsdev_diropen
                0x000000000000a4e0       0xec /opt/devkitpro/libnx/lib/libnx.a(fs_dev.o)
 *fill*         0x000000000000a5cc        0x4 
 .text.fsdev_mkdir
                0x000000000000a5d0       0x70 /opt/devkitpro/libnx/lib/libnx.a(fs_dev.o)
 .text.fsdev_rename
                0x000000000000a640      0x114 /opt/devkitpro/libnx/lib/libnx.a(fs_dev.o)
 *fill*         0x000000000000a754        0xc 
 .text.fsdev_chdir
                0x000000000000a760       0xe8 /opt/devkitpro/libnx/lib/libnx.a(fs_dev.o)
 *fill*         0x000000000000a848        0x8 
 .text.fsdev_unlink
                0x000000000000a850       0x70 /opt/devkitpro/libnx/lib/libnx.a(fs_dev.o)
 .text.fsdev_stat
                0x000000000000a8c0      0x1bc /opt/devkitpro/libnx/lib/libnx.a(fs_dev.o)
 *fill*         0x000000000000aa7c        0x4 
 .text.fsdev_open
                0x000000000000aa80      0x19c /opt/devkitpro/libnx/lib/libnx.a(fs_dev.o)
 *fill*         0x000000000000ac1c        0x4 
 .text._fsdevUnmountDeviceStruct.part.4
                0x000000000000ac20       0xb8 /opt/devkitpro/libnx/lib/libnx.a(fs_dev.o)
 *fill*         0x000000000000acd8        0x8 
 .text.fsdev_fchmod
                0x000000000000ace0       0x10 /opt/devkitpro/libnx/lib/libnx.a(fs_dev.o)
 .text.fsdevMountSdmc
                0x000000000000acf0      0x170 /opt/devkitpro/libnx/lib/libnx.a(fs_dev.o)
                0x000000000000acf0                fsdevMountSdmc
 .text.fsdevUnmountAll
                0x000000000000ae60       0x64 /opt/devkitpro/libnx/lib/libnx.a(fs_dev.o)
                0x000000000000ae60                fsdevUnmountAll
 *fill*         0x000000000000aec4        0xc 
 .text.decode_utf8
                0x000000000000aed0      0x12c /opt/devkitpro/libnx/lib/libnx.a(decode_utf8.o)
                0x000000000000aed0                decode_utf8
 .text.armDCacheFlush
                0x000000000000affc       0x3c /opt/devkitpro/libnx/lib/libnx.a(cache.o)
                0x000000000000affc                armDCacheFlush
 .text.__libnx_exception_entry
                0x000000000000b038      0x1c0 /opt/devkitpro/libnx/lib/libnx.a(exception.o)
                0x000000000000b038                __libnx_exception_entry
 .text.__libnx_exception_returnentry
                0x000000000000b1f8       0x18 /opt/devkitpro/libnx/lib/libnx.a(exception.o)
                0x000000000000b1f8                __libnx_exception_returnentry
 .text.__aarch64_read_tp
                0x000000000000b210        0xc /opt/devkitpro/libnx/lib/libnx.a(readtp.o)
                0x000000000000b210                __aarch64_read_tp
 *fill*         0x000000000000b21c        0x4 
 .text.ipcCloseObjectById
                0x000000000000b220       0x34 /opt/devkitpro/libnx/lib/libnx.a(nv.o)
 *fill*         0x000000000000b254        0xc 
 .text._nvSetClientPID
                0x000000000000b260       0xd8 /opt/devkitpro/libnx/lib/libnx.a(nv.o)
 *fill*         0x000000000000b338        0x8 
 .text.ipcQueryPointerBufferSize.constprop.10
                0x000000000000b340       0xc8 /opt/devkitpro/libnx/lib/libnx.a(nv.o)
 *fill*         0x000000000000b408        0x8 
 .text._nvInitialize.constprop.8
                0x000000000000b410       0xf0 /opt/devkitpro/libnx/lib/libnx.a(nv.o)
 .text.ipcCloneSession.constprop.9
                0x000000000000b500      0x10c /opt/devkitpro/libnx/lib/libnx.a(nv.o)
 *fill*         0x000000000000b60c        0x4 
 .text.nvExit   0x000000000000b610      0x100 /opt/devkitpro/libnx/lib/libnx.a(nv.o)
                0x000000000000b610                nvExit
 .text.nvInitialize
                0x000000000000b710      0x184 /opt/devkitpro/libnx/lib/libnx.a(nv.o)
                0x000000000000b710                nvInitialize
 *fill*         0x000000000000b894        0xc 
 .text.nvConvertError
                0x000000000000b8a0      0x12c /opt/devkitpro/libnx/lib/libnx.a(nv.o)
                0x000000000000b8a0                nvConvertError
 *fill*         0x000000000000b9cc        0x4 
 .text.nvOpen   0x000000000000b9d0      0x12c /opt/devkitpro/libnx/lib/libnx.a(nv.o)
                0x000000000000b9d0                nvOpen
 *fill*         0x000000000000bafc        0x4 
 .text.nvIoctl  0x000000000000bb00      0x270 /opt/devkitpro/libnx/lib/libnx.a(nv.o)
                0x000000000000bb00                nvIoctl
 .text.nvClose  0x000000000000bd70       0xdc /opt/devkitpro/libnx/lib/libnx.a(nv.o)
                0x000000000000bd70                nvClose
 *fill*         0x000000000000be4c        0x4 
 .text.nvQueryEvent
                0x000000000000be50      0x15c /opt/devkitpro/libnx/lib/libnx.a(nv.o)
                0x000000000000be50                nvQueryEvent
 *fill*         0x000000000000bfac        0x4 
 .text.ipcCloseObjectById
                0x000000000000bfb0       0x34 /opt/devkitpro/libnx/lib/libnx.a(time.o)
 *fill*         0x000000000000bfe4        0xc 
 .text._timeGetSession
                0x000000000000bff0      0x12c /opt/devkitpro/libnx/lib/libnx.a(time.o)
 *fill*         0x000000000000c11c        0x4 
 .text.timeExit
                0x000000000000c120      0x1ec /opt/devkitpro/libnx/lib/libnx.a(time.o)
                0x000000000000c120                timeExit
 *fill*         0x000000000000c30c        0x4 
 .text.timeInitialize
                0x000000000000c310       0xd8 /opt/devkitpro/libnx/lib/libnx.a(time.o)
                0x000000000000c310                timeInitialize
 *fill*         0x000000000000c3e8        0x8 
 .text.timeGetCurrentTime
                0x000000000000c3f0      0x124 /opt/devkitpro/libnx/lib/libnx.a(time.o)
                0x000000000000c3f0                timeGetCurrentTime
 *fill*         0x000000000000c514        0xc 
 .text.timeToCalendarTimeWithMyRule
                0x000000000000c520      0x118 /opt/devkitpro/libnx/lib/libnx.a(time.o)
                0x000000000000c520                timeToCalendarTimeWithMyRule
 *fill*         0x000000000000c638        0x8 
 .text.ipcCloseObjectById
                0x000000000000c640       0x34 /opt/devkitpro/libnx/lib/libnx.a(vi.o)
 *fill*         0x000000000000c674        0xc 
 .text._viGetSession.constprop.7
                0x000000000000c680      0x134 /opt/devkitpro/libnx/lib/libnx.a(vi.o)
 *fill*         0x000000000000c7b4        0xc 
 .text.viExit   0x000000000000c7c0      0x1e4 /opt/devkitpro/libnx/lib/libnx.a(vi.o)
                0x000000000000c7c0                viExit
 *fill*         0x000000000000c9a4        0xc 
 .text.viInitialize
                0x000000000000c9b0      0x2f8 /opt/devkitpro/libnx/lib/libnx.a(vi.o)
                0x000000000000c9b0                viInitialize
 *fill*         0x000000000000cca8        0x8 
 .text.viGetSession_IHOSBinderDriverRelay
                0x000000000000ccb0        0xc /opt/devkitpro/libnx/lib/libnx.a(vi.o)
                0x000000000000ccb0                viGetSession_IHOSBinderDriverRelay
 *fill*         0x000000000000ccbc        0x4 
 .text.viOpenDisplay
                0x000000000000ccc0      0x140 /opt/devkitpro/libnx/lib/libnx.a(vi.o)
                0x000000000000ccc0                viOpenDisplay
 .text.viCloseDisplay
                0x000000000000ce00      0x104 /opt/devkitpro/libnx/lib/libnx.a(vi.o)
                0x000000000000ce00                viCloseDisplay
 *fill*         0x000000000000cf04        0xc 
 .text.viCloseLayer
                0x000000000000cf10      0x104 /opt/devkitpro/libnx/lib/libnx.a(vi.o)
                0x000000000000cf10                viCloseLayer
 *fill*         0x000000000000d014        0xc 
 .text.viCreateLayer
                0x000000000000d020      0x370 /opt/devkitpro/libnx/lib/libnx.a(vi.o)
                0x000000000000d020                viCreateLayer
 .text.viSetLayerScalingMode
                0x000000000000d390       0xe8 /opt/devkitpro/libnx/lib/libnx.a(vi.o)
                0x000000000000d390                viSetLayerScalingMode
 *fill*         0x000000000000d478        0x8 
 .text.ipcCloseObjectById
                0x000000000000d480       0x34 /opt/devkitpro/libnx/lib/libnx.a(set.o)
 *fill*         0x000000000000d4b4        0xc 
 .text._setsysGetFirmwareVersionImpl
                0x000000000000d4c0      0x1d4 /opt/devkitpro/libnx/lib/libnx.a(set.o)
 *fill*         0x000000000000d694        0xc 
 .text.setsysInitialize
                0x000000000000d6a0       0x3c /opt/devkitpro/libnx/lib/libnx.a(set.o)
                0x000000000000d6a0                setsysInitialize
 *fill*         0x000000000000d6dc        0x4 
 .text.setsysExit
                0x000000000000d6e0       0x9c /opt/devkitpro/libnx/lib/libnx.a(set.o)
                0x000000000000d6e0                setsysExit
 *fill*         0x000000000000d77c        0x4 
 .text.setsysGetFirmwareVersion
                0x000000000000d780       0x44 /opt/devkitpro/libnx/lib/libnx.a(set.o)
                0x000000000000d780                setsysGetFirmwareVersion
 *fill*         0x000000000000d7c4        0xc 
 .text.ipcPrepareHeader
                0x000000000000d7d0      0x220 /opt/devkitpro/libnx/lib/libnx.a(fs.o)
 .text.ipcParse
                0x000000000000d9f0      0x22c /opt/devkitpro/libnx/lib/libnx.a(fs.o)
 *fill*         0x000000000000dc1c        0x4 
 .text.serviceIpcParse
                0x000000000000dc20       0xb0 /opt/devkitpro/libnx/lib/libnx.a(fs.o)
 .text.ipcCloseObjectById
                0x000000000000dcd0       0x34 /opt/devkitpro/libnx/lib/libnx.a(fs.o)
 *fill*         0x000000000000dd04        0xc 
 .text.fsInitialize
                0x000000000000dd10      0x200 /opt/devkitpro/libnx/lib/libnx.a(fs.o)
                0x000000000000dd10                fsInitialize
 .text.fsExit   0x000000000000df10       0x9c /opt/devkitpro/libnx/lib/libnx.a(fs.o)
                0x000000000000df10                fsExit
 *fill*         0x000000000000dfac        0x4 
 .text.fsMountSdcard
                0x000000000000dfb0      0x1cc /opt/devkitpro/libnx/lib/libnx.a(fs.o)
                0x000000000000dfb0                fsMountSdcard
 *fill*         0x000000000000e17c        0x4 
 .text.fsFsCreateFile
                0x000000000000e180      0x1a4 /opt/devkitpro/libnx/lib/libnx.a(fs.o)
                0x000000000000e180                fsFsCreateFile
 *fill*         0x000000000000e324        0xc 
 .text.fsFsDeleteFile
                0x000000000000e330      0x19c /opt/devkitpro/libnx/lib/libnx.a(fs.o)
                0x000000000000e330                fsFsDeleteFile
 *fill*         0x000000000000e4cc        0x4 
 .text.fsFsCreateDirectory
                0x000000000000e4d0      0x19c /opt/devkitpro/libnx/lib/libnx.a(fs.o)
                0x000000000000e4d0                fsFsCreateDirectory
 *fill*         0x000000000000e66c        0x4 
 .text.fsFsDeleteDirectory
                0x000000000000e670      0x19c /opt/devkitpro/libnx/lib/libnx.a(fs.o)
                0x000000000000e670                fsFsDeleteDirectory
 *fill*         0x000000000000e80c        0x4 
 .text.fsFsRenameFile
                0x000000000000e810      0x214 /opt/devkitpro/libnx/lib/libnx.a(fs.o)
                0x000000000000e810                fsFsRenameFile
 *fill*         0x000000000000ea24        0xc 
 .text.fsFsRenameDirectory
                0x000000000000ea30      0x214 /opt/devkitpro/libnx/lib/libnx.a(fs.o)
                0x000000000000ea30                fsFsRenameDirectory
 *fill*         0x000000000000ec44        0xc 
 .text.fsFsGetEntryType
                0x000000000000ec50      0x1b0 /opt/devkitpro/libnx/lib/libnx.a(fs.o)
                0x000000000000ec50                fsFsGetEntryType
 .text.fsFsOpenFile
                0x000000000000ee00      0x1e4 /opt/devkitpro/libnx/lib/libnx.a(fs.o)
                0x000000000000ee00                fsFsOpenFile
 *fill*         0x000000000000efe4        0xc 
 .text.fsFsOpenDirectory
                0x000000000000eff0      0x1f8 /opt/devkitpro/libnx/lib/libnx.a(fs.o)
                0x000000000000eff0                fsFsOpenDirectory
 *fill*         0x000000000000f1e8        0x8 
 .text.fsFsGetFreeSpace
                0x000000000000f1f0      0x1b0 /opt/devkitpro/libnx/lib/libnx.a(fs.o)
                0x000000000000f1f0                fsFsGetFreeSpace
 .text.fsFsGetTotalSpace
                0x000000000000f3a0      0x1b0 /opt/devkitpro/libnx/lib/libnx.a(fs.o)
                0x000000000000f3a0                fsFsGetTotalSpace
 .text.fsFsGetFileTimeStampRaw
                0x000000000000f550      0x194 /opt/devkitpro/libnx/lib/libnx.a(fs.o)
                0x000000000000f550                fsFsGetFileTimeStampRaw
 *fill*         0x000000000000f6e4        0xc 
 .text.fsFsClose
                0x000000000000f6f0       0x6c /opt/devkitpro/libnx/lib/libnx.a(fs.o)
                0x000000000000f6f0                fsFsClose
 *fill*         0x000000000000f75c        0x4 
 .text.fsFileRead
                0x000000000000f760      0x1f0 /opt/devkitpro/libnx/lib/libnx.a(fs.o)
                0x000000000000f760                fsFileRead
 .text.fsFileWrite
                0x000000000000f950      0x1b8 /opt/devkitpro/libnx/lib/libnx.a(fs.o)
                0x000000000000f950                fsFileWrite
 *fill*         0x000000000000fb08        0x8 
 .text.fsFileFlush
                0x000000000000fb10      0x16c /opt/devkitpro/libnx/lib/libnx.a(fs.o)
                0x000000000000fb10                fsFileFlush
 *fill*         0x000000000000fc7c        0x4 
 .text.fsFileSetSize
                0x000000000000fc80      0x174 /opt/devkitpro/libnx/lib/libnx.a(fs.o)
                0x000000000000fc80                fsFileSetSize
 *fill*         0x000000000000fdf4        0xc 
 .text.fsFileGetSize
                0x000000000000fe00      0x194 /opt/devkitpro/libnx/lib/libnx.a(fs.o)
                0x000000000000fe00                fsFileGetSize
 *fill*         0x000000000000ff94        0xc 
 .text.fsFileClose
                0x000000000000ffa0       0x6c /opt/devkitpro/libnx/lib/libnx.a(fs.o)
                0x000000000000ffa0                fsFileClose
 *fill*         0x000000000001000c        0x4 
 .text.fsDirClose
                0x0000000000010010       0x6c /opt/devkitpro/libnx/lib/libnx.a(fs.o)
                0x0000000000010010                fsDirClose
 *fill*         0x000000000001007c        0x4 
 .text.fsDirRead
                0x0000000000010080      0x1ec /opt/devkitpro/libnx/lib/libnx.a(fs.o)
                0x0000000000010080                fsDirRead
 *fill*         0x000000000001026c        0x4 
 .text._nvFenceEventWaitCommon
                0x0000000000010270       0x60 /opt/devkitpro/libnx/lib/libnx.a(fence.o)
 .text.nvFenceInit
                0x00000000000102d0       0x5c /opt/devkitpro/libnx/lib/libnx.a(fence.o)
                0x00000000000102d0                nvFenceInit
 *fill*         0x000000000001032c        0x4 
 .text.nvFenceExit
                0x0000000000010330       0x98 /opt/devkitpro/libnx/lib/libnx.a(fence.o)
                0x0000000000010330                nvFenceExit
 *fill*         0x00000000000103c8        0x8 
 .text.nvFenceWait
                0x00000000000103d0      0x1e4 /opt/devkitpro/libnx/lib/libnx.a(fence.o)
                0x00000000000103d0                nvFenceWait
 *fill*         0x00000000000105b4        0xc 
 .text.nvMultiFenceWait
                0x00000000000105c0       0x7c /opt/devkitpro/libnx/lib/libnx.a(fence.o)
                0x00000000000105c0                nvMultiFenceWait
 *fill*         0x000000000001063c        0x4 
 .text.nvMapInit
                0x0000000000010640       0x6c /opt/devkitpro/libnx/lib/libnx.a(map.o)
                0x0000000000010640                nvMapInit
 *fill*         0x00000000000106ac        0x4 
 .text.nvMapExit
                0x00000000000106b0       0x68 /opt/devkitpro/libnx/lib/libnx.a(map.o)
                0x00000000000106b0                nvMapExit
 *fill*         0x0000000000010718        0x8 
 .text.nvMapClose
                0x0000000000010720       0x84 /opt/devkitpro/libnx/lib/libnx.a(map.o)
                0x0000000000010720                nvMapClose
 *fill*         0x00000000000107a4        0xc 
 .text.nvMapCreate
                0x00000000000107b0      0x150 /opt/devkitpro/libnx/lib/libnx.a(map.o)
                0x00000000000107b0                nvMapCreate
 .text.nvioctlNvhostCtrl_EventSignal
                0x0000000000010900       0x24 /opt/devkitpro/libnx/lib/libnx.a(nvhost-ctrl.o)
                0x0000000000010900                nvioctlNvhostCtrl_EventSignal
 *fill*         0x0000000000010924        0xc 
 .text.nvioctlNvhostCtrl_EventWait
                0x0000000000010930       0x3c /opt/devkitpro/libnx/lib/libnx.a(nvhost-ctrl.o)
                0x0000000000010930                nvioctlNvhostCtrl_EventWait
 *fill*         0x000000000001096c        0x4 
 .text.nvioctlNvhostCtrl_EventWaitAsync
                0x0000000000010970       0x28 /opt/devkitpro/libnx/lib/libnx.a(nvhost-ctrl.o)
                0x0000000000010970                nvioctlNvhostCtrl_EventWaitAsync
 *fill*         0x0000000000010998        0x8 
 .text.nvioctlNvhostCtrl_EventRegister
                0x00000000000109a0       0x24 /opt/devkitpro/libnx/lib/libnx.a(nvhost-ctrl.o)
                0x00000000000109a0                nvioctlNvhostCtrl_EventRegister
 *fill*         0x00000000000109c4        0xc 
 .text.nvioctlNvhostCtrl_EventUnregister
                0x00000000000109d0       0x24 /opt/devkitpro/libnx/lib/libnx.a(nvhost-ctrl.o)
                0x00000000000109d0                nvioctlNvhostCtrl_EventUnregister
 *fill*         0x00000000000109f4        0xc 
 .text.nvioctlNvmap_Create
                0x0000000000010a00       0x3c /opt/devkitpro/libnx/lib/libnx.a(nvmap.o)
                0x0000000000010a00                nvioctlNvmap_Create
 *fill*         0x0000000000010a3c        0x4 
 .text.nvioctlNvmap_Alloc
                0x0000000000010a40       0x30 /opt/devkitpro/libnx/lib/libnx.a(nvmap.o)
                0x0000000000010a40                nvioctlNvmap_Alloc
 .text.nvioctlNvmap_Free
                0x0000000000010a70       0x30 /opt/devkitpro/libnx/lib/libnx.a(nvmap.o)
                0x0000000000010a70                nvioctlNvmap_Free
 .text.nvioctlNvmap_GetId
                0x0000000000010aa0       0x3c /opt/devkitpro/libnx/lib/libnx.a(nvmap.o)
                0x0000000000010aa0                nvioctlNvmap_GetId
 *fill*         0x0000000000010adc        0x4 
 .text.bqRequestBuffer
                0x0000000000010ae0       0xe8 /opt/devkitpro/libnx/lib/libnx.a(buffer_producer.o)
                0x0000000000010ae0                bqRequestBuffer
 *fill*         0x0000000000010bc8        0x8 
 .text.bqDequeueBuffer
                0x0000000000010bd0      0x154 /opt/devkitpro/libnx/lib/libnx.a(buffer_producer.o)
                0x0000000000010bd0                bqDequeueBuffer
 *fill*         0x0000000000010d24        0xc 
 .text.bqDetachBuffer
                0x0000000000010d30       0x9c /opt/devkitpro/libnx/lib/libnx.a(buffer_producer.o)
                0x0000000000010d30                bqDetachBuffer
 *fill*         0x0000000000010dcc        0x4 
 .text.bqQueueBuffer
                0x0000000000010dd0       0xe0 /opt/devkitpro/libnx/lib/libnx.a(buffer_producer.o)
                0x0000000000010dd0                bqQueueBuffer
 .text.bqCancelBuffer
                0x0000000000010eb0       0x90 /opt/devkitpro/libnx/lib/libnx.a(buffer_producer.o)
                0x0000000000010eb0                bqCancelBuffer
 .text.bqConnect
                0x0000000000010f40       0xe4 /opt/devkitpro/libnx/lib/libnx.a(buffer_producer.o)
                0x0000000000010f40                bqConnect
 *fill*         0x0000000000011024        0xc 
 .text.bqDisconnect
                0x0000000000011030       0x9c /opt/devkitpro/libnx/lib/libnx.a(buffer_producer.o)
                0x0000000000011030                bqDisconnect
 *fill*         0x00000000000110cc        0x4 
 .text.bqSetPreallocatedBuffer
                0x00000000000110d0      0x178 /opt/devkitpro/libnx/lib/libnx.a(buffer_producer.o)
                0x00000000000110d0                bqSetPreallocatedBuffer
 *fill*         0x0000000000011248        0x8 
 .text._binderTransactParcel
                0x0000000000011250      0x138 /opt/devkitpro/libnx/lib/libnx.a(binder.o)
 *fill*         0x0000000000011388        0x8 
 .text.ipcQueryPointerBufferSize
                0x0000000000011390       0xc8 /opt/devkitpro/libnx/lib/libnx.a(binder.o)
 *fill*         0x0000000000011458        0x8 
 .text._binderTransactParcelAuto
                0x0000000000011460      0x248 /opt/devkitpro/libnx/lib/libnx.a(binder.o)
 *fill*         0x00000000000116a8        0x8 
 .text.binderCreate
                0x00000000000116b0       0x14 /opt/devkitpro/libnx/lib/libnx.a(binder.o)
                0x00000000000116b0                binderCreate
 *fill*         0x00000000000116c4        0xc 
 .text.binderTransactParcel
                0x00000000000116d0       0x10 /opt/devkitpro/libnx/lib/libnx.a(binder.o)
                0x00000000000116d0                binderTransactParcel
 .text.binderConvertErrorCode
                0x00000000000116e0      0x124 /opt/devkitpro/libnx/lib/libnx.a(binder.o)
                0x00000000000116e0                binderConvertErrorCode
 *fill*         0x0000000000011804        0xc 
 .text.binderAdjustRefcount
                0x0000000000011810       0xe8 /opt/devkitpro/libnx/lib/libnx.a(binder.o)
                0x0000000000011810                binderAdjustRefcount
 *fill*         0x00000000000118f8        0x8 
 .text.binderClose
                0x0000000000011900       0x74 /opt/devkitpro/libnx/lib/libnx.a(binder.o)
                0x0000000000011900                binderClose
 *fill*         0x0000000000011974        0xc 
 .text.binderInitSession
                0x0000000000011980       0xc8 /opt/devkitpro/libnx/lib/libnx.a(binder.o)
                0x0000000000011980                binderInitSession
 *fill*         0x0000000000011a48        0x8 
 .text.binderGetNativeHandle
                0x0000000000011a50      0x144 /opt/devkitpro/libnx/lib/libnx.a(binder.o)
                0x0000000000011a50                binderGetNativeHandle
 *fill*         0x0000000000011b94        0xc 
 .text.parcelCreate
                0x0000000000011ba0       0x28 /opt/devkitpro/libnx/lib/libnx.a(parcel.o)
                0x0000000000011ba0                parcelCreate
 *fill*         0x0000000000011bc8        0x8 
 .text.parcelTransact
                0x0000000000011bd0      0x19c /opt/devkitpro/libnx/lib/libnx.a(parcel.o)
                0x0000000000011bd0                parcelTransact
 *fill*         0x0000000000011d6c        0x4 
 .text.parcelWriteData
                0x0000000000011d70       0x88 /opt/devkitpro/libnx/lib/libnx.a(parcel.o)
                0x0000000000011d70                parcelWriteData
 *fill*         0x0000000000011df8        0x8 
 .text.parcelReadData
                0x0000000000011e00       0x98 /opt/devkitpro/libnx/lib/libnx.a(parcel.o)
                0x0000000000011e00                parcelReadData
 *fill*         0x0000000000011e98        0x8 
 .text.parcelWriteInt32
                0x0000000000011ea0       0x20 /opt/devkitpro/libnx/lib/libnx.a(parcel.o)
                0x0000000000011ea0                parcelWriteInt32
 .text.parcelWriteUInt32
                0x0000000000011ec0       0x20 /opt/devkitpro/libnx/lib/libnx.a(parcel.o)
                0x0000000000011ec0                parcelWriteUInt32
 .text.parcelWriteString16
                0x0000000000011ee0       0x80 /opt/devkitpro/libnx/lib/libnx.a(parcel.o)
                0x0000000000011ee0                parcelWriteString16
 .text.parcelWriteInterfaceToken
                0x0000000000011f60       0x30 /opt/devkitpro/libnx/lib/libnx.a(parcel.o)
                0x0000000000011f60                parcelWriteInterfaceToken
 .text.parcelReadInt32
                0x0000000000011f90       0x24 /opt/devkitpro/libnx/lib/libnx.a(parcel.o)
                0x0000000000011f90                parcelReadInt32
 *fill*         0x0000000000011fb4        0xc 
 .text.parcelReadFlattenedObject
                0x0000000000011fc0       0x68 /opt/devkitpro/libnx/lib/libnx.a(parcel.o)
                0x0000000000011fc0                parcelReadFlattenedObject
 *fill*         0x0000000000012028        0x8 
 .text.parcelWriteFlattenedObject
                0x0000000000012030       0x44 /opt/devkitpro/libnx/lib/libnx.a(parcel.o)
                0x0000000000012030                parcelWriteFlattenedObject
 *fill*         0x0000000000012074        0xc 
 .text.nxlinkSetup
                0x0000000000012080       0xc4 /opt/devkitpro/libnx/lib/libnx.a(nxlink.o)
                0x0000000000012080                nxlinkSetup
 *fill*         0x0000000000012144        0x4 
 .text.aligned_alloc
                0x0000000000012148       0x38 /opt/devkitpro/devkitA64/lib/gcc/aarch64-none-elf/8.3.0/../../../../aarch64-none-elf/lib/pic/libg.a(lib_a-aligned_alloc.o)
                0x0000000000012148                aligned_alloc
 .text.bsearch  0x0000000000012180       0xb8 /opt/devkitpro/devkitA64/lib/gcc/aarch64-none-elf/8.3.0/../../../../aarch64-none-elf/lib/pic/libg.a(lib_a-bsearch.o)
                0x0000000000012180                bsearch
 .text.calloc   0x0000000000012238       0x30 /opt/devkitpro/devkitA64/lib/gcc/aarch64-none-elf/8.3.0/../../../../aarch64-none-elf/lib/pic/libg.a(lib_a-calloc.o)
                0x0000000000012238                calloc
 .text._calloc_r
                0x0000000000012268       0x94 /opt/devkitpro/devkitA64/lib/gcc/aarch64-none-elf/8.3.0/../../../../aarch64-none-elf/lib/pic/libg.a(lib_a-callocr.o)
                0x0000000000012268                _calloc_r
 *fill*         0x00000000000122fc        0x4 
 .text.__errno  0x0000000000012300       0x14 /opt/devkitpro/devkitA64/lib/gcc/aarch64-none-elf/8.3.0/../../../../aarch64-none-elf/lib/pic/libg.a(lib_a-errno.o)
                0x0000000000012300                __errno
 *fill*         0x0000000000012314        0x4 
 .text._fclose_r
                0x0000000000012318      0x15c /opt/devkitpro/devkitA64/lib/gcc/aarch64-none-elf/8.3.0/../../../../aarch64-none-elf/lib/pic/libg.a(lib_a-fclose.o)
                0x0000000000012318                _fclose_r
 *fill*         0x0000000000012474        0x4 
 .text.fclose   0x0000000000012478       0x1c /opt/devkitpro/devkitA64/lib/gcc/aarch64-none-elf/8.3.0/../../../../aarch64-none-elf/lib/pic/libg.a(lib_a-fclose.o)
                0x0000000000012478                fclose
 *fill*         0x0000000000012494        0x4 
 .text.__sflush_r
                0x0000000000012498      0x214 /opt/devkitpro/devkitA64/lib/gcc/aarch64-none-elf/8.3.0/../../../../aarch64-none-elf/lib/pic/libg.a(lib_a-fflush.o)
                0x0000000000012498                __sflush_r
 *fill*         0x00000000000126ac        0x4 
 .text._fflush_r
                0x00000000000126b0       0xb8 /opt/devkitpro/devkitA64/lib/gcc/aarch64-none-elf/8.3.0/../../../../aarch64-none-elf/lib/pic/libg.a(lib_a-fflush.o)
                0x00000000000126b0                _fflush_r
 .text.fflush   0x0000000000012768       0x40 /opt/devkitpro/devkitA64/lib/gcc/aarch64-none-elf/8.3.0/../../../../aarch64-none-elf/lib/pic/libg.a(lib_a-fflush.o)
                0x0000000000012768                fflush
 .text.std      0x00000000000127a8       0x78 /opt/devkitpro/devkitA64/lib/gcc/aarch64-none-elf/8.3.0/../../../../aarch64-none-elf/lib/pic/libg.a(lib_a-findfp.o)
 .text._cleanup_r
                0x0000000000012820        0xc /opt/devkitpro/devkitA64/lib/gcc/aarch64-none-elf/8.3.0/../../../../aarch64-none-elf/lib/pic/libg.a(lib_a-findfp.o)
                0x0000000000012820                _cleanup_r
 *fill*         0x000000000001282c        0x4 
 .text.__sfmoreglue
                0x0000000000012830       0x60 /opt/devkitpro/devkitA64/lib/gcc/aarch64-none-elf/8.3.0/../../../../aarch64-none-elf/lib/pic/libg.a(lib_a-findfp.o)
                0x0000000000012830                __sfmoreglue
 .text.__sfp_lock_acquire
                0x0000000000012890        0xc /opt/devkitpro/devkitA64/lib/gcc/aarch64-none-elf/8.3.0/../../../../aarch64-none-elf/lib/pic/libg.a(lib_a-findfp.o)
                0x0000000000012890                __sfp_lock_acquire
 *fill*         0x000000000001289c        0x4 
 .text.__sfp_lock_release
                0x00000000000128a0        0xc /opt/devkitpro/devkitA64/lib/gcc/aarch64-none-elf/8.3.0/../../../../aarch64-none-elf/lib/pic/libg.a(lib_a-findfp.o)
                0x00000000000128a0                __sfp_lock_release
 *fill*         0x00000000000128ac        0x4 
 .text.__sinit_lock_acquire
                0x00000000000128b0        0xc /opt/devkitpro/devkitA64/lib/gcc/aarch64-none-elf/8.3.0/../../../../aarch64-none-elf/lib/pic/libg.a(lib_a-findfp.o)
                0x00000000000128b0                __sinit_lock_acquire
 *fill*         0x00000000000128bc        0x4 
 .text.__sinit_lock_release
                0x00000000000128c0        0xc /opt/devkitpro/devkitA64/lib/gcc/aarch64-none-elf/8.3.0/../../../../aarch64-none-elf/lib/pic/libg.a(lib_a-findfp.o)
                0x00000000000128c0                __sinit_lock_release
 *fill*         0x00000000000128cc        0x4 
 .text.__sinit  0x00000000000128d0       0x80 /opt/devkitpro/devkitA64/lib/gcc/aarch64-none-elf/8.3.0/../../../../aarch64-none-elf/lib/pic/libg.a(lib_a-findfp.o)
                0x00000000000128d0                __sinit
 .text.__sfp    0x0000000000012950      0x118 /opt/devkitpro/devkitA64/lib/gcc/aarch64-none-elf/8.3.0/../../../../aarch64-none-elf/lib/pic/libg.a(lib_a-findfp.o)
                0x0000000000012950                __sfp
 .text.__libc_fini_array
                0x0000000000012a68       0x44 /opt/devkitpro/devkitA64/lib/gcc/aarch64-none-elf/8.3.0/../../../../aarch64-none-elf/lib/pic/libg.a(lib_a-fini.o)
                0x0000000000012a68                __libc_fini_array
 *fill*         0x0000000000012aac        0x4 
 .text._fopen_r
                0x0000000000012ab0      0x130 /opt/devkitpro/devkitA64/lib/gcc/aarch64-none-elf/8.3.0/../../../../aarch64-none-elf/lib/pic/libg.a(lib_a-fopen.o)
                0x0000000000012ab0                _fopen_r
 .text.fopen    0x0000000000012be0       0x30 /opt/devkitpro/devkitA64/lib/gcc/aarch64-none-elf/8.3.0/../../../../aarch64-none-elf/lib/pic/libg.a(lib_a-fopen.o)
                0x0000000000012be0                fopen
 .text._fread_r
                0x0000000000012c10      0x328 /opt/devkitpro/devkitA64/lib/gcc/aarch64-none-elf/8.3.0/../../../../aarch64-none-elf/lib/pic/libg.a(lib_a-fread.o)
                0x0000000000012c10                _fread_r
 .text.fread    0x0000000000012f38       0x40 /opt/devkitpro/devkitA64/lib/gcc/aarch64-none-elf/8.3.0/../../../../aarch64-none-elf/lib/pic/libg.a(lib_a-fread.o)
                0x0000000000012f38                fread
 .text._malloc_trim_r
                0x0000000000012f78      0x118 /opt/devkitpro/devkitA64/lib/gcc/aarch64-none-elf/8.3.0/../../../../aarch64-none-elf/lib/pic/libg.a(lib_a-freer.o)
                0x0000000000012f78                _malloc_trim_r
 .text._free_r  0x0000000000013090      0x2f4 /opt/devkitpro/devkitA64/lib/gcc/aarch64-none-elf/8.3.0/../../../../aarch64-none-elf/lib/pic/libg.a(lib_a-freer.o)
                0x0000000000013090                _free_r
 *fill*         0x0000000000013384        0x4 
 .text._fseek_r
                0x0000000000013388        0x4 /opt/devkitpro/devkitA64/lib/gcc/aarch64-none-elf/8.3.0/../../../../aarch64-none-elf/lib/pic/libg.a(lib_a-fseek.o)
                0x0000000000013388                _fseek_r
 *fill*         0x000000000001338c        0x4 
 .text._fseeko_r
                0x0000000000013390      0x4c4 /opt/devkitpro/devkitA64/lib/gcc/aarch64-none-elf/8.3.0/../../../../aarch64-none-elf/lib/pic/libg.a(lib_a-fseeko.o)
                0x0000000000013390                _fseeko_r
 *fill*         0x0000000000013854        0x4 
 .text._fwalk   0x0000000000013858       0xb8 /opt/devkitpro/devkitA64/lib/gcc/aarch64-none-elf/8.3.0/../../../../aarch64-none-elf/lib/pic/libg.a(lib_a-fwalk.o)
                0x0000000000013858                _fwalk
 .text._fwalk_reent
                0x0000000000013910       0xbc /opt/devkitpro/devkitA64/lib/gcc/aarch64-none-elf/8.3.0/../../../../aarch64-none-elf/lib/pic/libg.a(lib_a-fwalk.o)
                0x0000000000013910                _fwalk_reent
 *fill*         0x00000000000139cc        0x4 
 .text.__libc_init_array
                0x00000000000139d0       0x8c /opt/devkitpro/devkitA64/lib/gcc/aarch64-none-elf/8.3.0/../../../../aarch64-none-elf/lib/pic/libg.a(lib_a-init.o)
                0x00000000000139d0                __libc_init_array
 *fill*         0x0000000000013a5c        0x4 
 .text.__swhatbuf_r
                0x0000000000013a60       0xa4 /opt/devkitpro/devkitA64/lib/gcc/aarch64-none-elf/8.3.0/../../../../aarch64-none-elf/lib/pic/libg.a(lib_a-makebuf.o)
                0x0000000000013a60                __swhatbuf_r
 *fill*         0x0000000000013b04        0x4 
 .text.__smakebuf_r
                0x0000000000013b08      0x10c /opt/devkitpro/devkitA64/lib/gcc/aarch64-none-elf/8.3.0/../../../../aarch64-none-elf/lib/pic/libg.a(lib_a-makebuf.o)
                0x0000000000013b08                __smakebuf_r
 *fill*         0x0000000000013c14        0x4 
 .text.memalign
                0x0000000000013c18       0x30 /opt/devkitpro/devkitA64/lib/gcc/aarch64-none-elf/8.3.0/../../../../aarch64-none-elf/lib/pic/libg.a(lib_a-malign.o)
                0x0000000000013c18                memalign
 .text._memalign_r
                0x0000000000013c48      0x198 /opt/devkitpro/devkitA64/lib/gcc/aarch64-none-elf/8.3.0/../../../../aarch64-none-elf/lib/pic/libg.a(lib_a-malignr.o)
                0x0000000000013c48                _memalign_r
 .text.malloc   0x0000000000013de0       0x1c /opt/devkitpro/devkitA64/lib/gcc/aarch64-none-elf/8.3.0/../../../../aarch64-none-elf/lib/pic/libg.a(lib_a-malloc.o)
                0x0000000000013de0                malloc
 *fill*         0x0000000000013dfc        0x4 
 .text.free     0x0000000000013e00       0x1c /opt/devkitpro/devkitA64/lib/gcc/aarch64-none-elf/8.3.0/../../../../aarch64-none-elf/lib/pic/libg.a(lib_a-malloc.o)
                0x0000000000013e00                free
 *fill*         0x0000000000013e1c        0x4 
 .text._malloc_r
                0x0000000000013e20      0x87c /opt/devkitpro/devkitA64/lib/gcc/aarch64-none-elf/8.3.0/../../../../aarch64-none-elf/lib/pic/libg.a(lib_a-mallocr.o)
                0x0000000000013e20                _malloc_r
 .text          0x000000000001469c       0xd8 /opt/devkitpro/devkitA64/lib/gcc/aarch64-none-elf/8.3.0/../../../../aarch64-none-elf/lib/pic/libg.a(lib_a-memchr.o)
                0x000000000001469c                memchr
 *fill*         0x0000000000014774        0xc 
 .text          0x0000000000014780      0x16c /opt/devkitpro/devkitA64/lib/gcc/aarch64-none-elf/8.3.0/../../../../aarch64-none-elf/lib/pic/libg.a(lib_a-memcpy.o)
                0x0000000000014780                memcpy
 *fill*         0x00000000000148ec       0x14 
 .text          0x0000000000014900      0x1dc /opt/devkitpro/devkitA64/lib/gcc/aarch64-none-elf/8.3.0/../../../../aarch64-none-elf/lib/pic/libg.a(lib_a-memset.o)
                0x0000000000014900                memset
 *fill*         0x0000000000014adc        0x4 
 .text.__malloc_lock
                0x0000000000014ae0        0xc /opt/devkitpro/devkitA64/lib/gcc/aarch64-none-elf/8.3.0/../../../../aarch64-none-elf/lib/pic/libg.a(lib_a-mlock.o)
                0x0000000000014ae0                __malloc_lock
 *fill*         0x0000000000014aec        0x4 
 .text.__malloc_unlock
                0x0000000000014af0        0xc /opt/devkitpro/devkitA64/lib/gcc/aarch64-none-elf/8.3.0/../../../../aarch64-none-elf/lib/pic/libg.a(lib_a-mlock.o)
                0x0000000000014af0                __malloc_unlock
 *fill*         0x0000000000014afc        0x4 
 .text.printf   0x0000000000014b00       0x8c /opt/devkitpro/devkitA64/lib/gcc/aarch64-none-elf/8.3.0/../../../../aarch64-none-elf/lib/pic/libg.a(lib_a-printf.o)
                0x0000000000014b00                printf
 *fill*         0x0000000000014b8c        0x4 
 .text.putchar  0x0000000000014b90       0x20 /opt/devkitpro/devkitA64/lib/gcc/aarch64-none-elf/8.3.0/../../../../aarch64-none-elf/lib/pic/libg.a(lib_a-putchar.o)
                0x0000000000014b90                putchar
 .text._putc_r  0x0000000000014bb0       0xe0 /opt/devkitpro/devkitA64/lib/gcc/aarch64-none-elf/8.3.0/../../../../aarch64-none-elf/lib/pic/libg.a(lib_a-putc.o)
                0x0000000000014bb0                _putc_r
 .text._puts_r  0x0000000000014c90       0xd4 /opt/devkitpro/devkitA64/lib/gcc/aarch64-none-elf/8.3.0/../../../../aarch64-none-elf/lib/pic/libg.a(lib_a-puts.o)
                0x0000000000014c90                _puts_r
 *fill*         0x0000000000014d64        0x4 
 .text.puts     0x0000000000014d68       0x1c /opt/devkitpro/devkitA64/lib/gcc/aarch64-none-elf/8.3.0/../../../../aarch64-none-elf/lib/pic/libg.a(lib_a-puts.o)
                0x0000000000014d68                puts
 *fill*         0x0000000000014d84        0x4 
 .text.lflush   0x0000000000014d88       0x20 /opt/devkitpro/devkitA64/lib/gcc/aarch64-none-elf/8.3.0/../../../../aarch64-none-elf/lib/pic/libg.a(lib_a-refill.o)
 .text.__srefill_r
                0x0000000000014da8      0x1d0 /opt/devkitpro/devkitA64/lib/gcc/aarch64-none-elf/8.3.0/../../../../aarch64-none-elf/lib/pic/libg.a(lib_a-refill.o)
                0x0000000000014da8                __srefill_r
 .text._remove_r
                0x0000000000014f78       0x1c /opt/devkitpro/devkitA64/lib/gcc/aarch64-none-elf/8.3.0/../../../../aarch64-none-elf/lib/pic/libg.a(lib_a-remove.o)
                0x0000000000014f78                _remove_r
 *fill*         0x0000000000014f94        0x4 
 .text.remove   0x0000000000014f98       0x1c /opt/devkitpro/devkitA64/lib/gcc/aarch64-none-elf/8.3.0/../../../../aarch64-none-elf/lib/pic/libg.a(lib_a-remove.o)
                0x0000000000014f98                remove
 *fill*         0x0000000000014fb4        0x4 
 .text.setenv   0x0000000000014fb8       0x3c /opt/devkitpro/devkitA64/lib/gcc/aarch64-none-elf/8.3.0/../../../../aarch64-none-elf/lib/pic/libg.a(lib_a-setenv.o)
                0x0000000000014fb8                setenv
 *fill*         0x0000000000014ff4        0x4 
 .text._setenv_r
                0x0000000000014ff8      0x264 /opt/devkitpro/devkitA64/lib/gcc/aarch64-none-elf/8.3.0/../../../../aarch64-none-elf/lib/pic/libg.a(lib_a-setenv_r.o)
                0x0000000000014ff8                _setenv_r
 *fill*         0x000000000001525c        0x4 
 .text.setvbuf  0x0000000000015260      0x25c /opt/devkitpro/devkitA64/lib/gcc/aarch64-none-elf/8.3.0/../../../../aarch64-none-elf/lib/pic/libg.a(lib_a-setvbuf.o)
                0x0000000000015260                setvbuf
 *fill*         0x00000000000154bc        0x4 
 .text.sscanf   0x00000000000154c0       0xbc /opt/devkitpro/devkitA64/lib/gcc/aarch64-none-elf/8.3.0/../../../../aarch64-none-elf/lib/pic/libg.a(lib_a-sscanf.o)
                0x00000000000154c0                sscanf
 *fill*         0x000000000001557c        0x4 
 .text.__sread  0x0000000000015580       0x50 /opt/devkitpro/devkitA64/lib/gcc/aarch64-none-elf/8.3.0/../../../../aarch64-none-elf/lib/pic/libg.a(lib_a-stdio.o)
                0x0000000000015580                __sread
 .text.__seofread
                0x00000000000155d0        0x8 /opt/devkitpro/devkitA64/lib/gcc/aarch64-none-elf/8.3.0/../../../../aarch64-none-elf/lib/pic/libg.a(lib_a-stdio.o)
                0x00000000000155d0                __seofread
 .text.__swrite
                0x00000000000155d8       0x6c /opt/devkitpro/devkitA64/lib/gcc/aarch64-none-elf/8.3.0/../../../../aarch64-none-elf/lib/pic/libg.a(lib_a-stdio.o)
                0x00000000000155d8                __swrite
 *fill*         0x0000000000015644        0x4 
 .text.__sseek  0x0000000000015648       0x50 /opt/devkitpro/devkitA64/lib/gcc/aarch64-none-elf/8.3.0/../../../../aarch64-none-elf/lib/pic/libg.a(lib_a-stdio.o)
                0x0000000000015648                __sseek
 .text.__sclose
                0x0000000000015698        0x8 /opt/devkitpro/devkitA64/lib/gcc/aarch64-none-elf/8.3.0/../../../../aarch64-none-elf/lib/pic/libg.a(lib_a-stdio.o)
                0x0000000000015698                __sclose
 .text          0x00000000000156a0       0xdc /opt/devkitpro/devkitA64/lib/gcc/aarch64-none-elf/8.3.0/../../../../aarch64-none-elf/lib/pic/libg.a(lib_a-strchr.o)
                0x00000000000156a0                strchr
 *fill*         0x000000000001577c        0x4 
 .text          0x0000000000015780      0x140 /opt/devkitpro/devkitA64/lib/gcc/aarch64-none-elf/8.3.0/../../../../aarch64-none-elf/lib/pic/libg.a(lib_a-strlen.o)
                0x0000000000015780                strlen
 .text.strncat  0x00000000000158c0       0x84 /opt/devkitpro/devkitA64/lib/gcc/aarch64-none-elf/8.3.0/../../../../aarch64-none-elf/lib/pic/libg.a(lib_a-strncat.o)
                0x00000000000158c0                strncat
 *fill*         0x0000000000015944       0x3c 
 .text          0x0000000000015980      0x1d4 /opt/devkitpro/devkitA64/lib/gcc/aarch64-none-elf/8.3.0/../../../../aarch64-none-elf/lib/pic/libg.a(lib_a-strncmp.o)
                0x000000000001599c                strncmp
 *fill*         0x0000000000015b54        0x4 
 .text.strncpy  0x0000000000015b58       0xa8 /opt/devkitpro/devkitA64/lib/gcc/aarch64-none-elf/8.3.0/../../../../aarch64-none-elf/lib/pic/libg.a(lib_a-strncpy.o)
                0x0000000000015b58                strncpy
 .text          0x0000000000015c00       0xe0 /opt/devkitpro/devkitA64/lib/gcc/aarch64-none-elf/8.3.0/../../../../aarch64-none-elf/lib/pic/libg.a(lib_a-strnlen.o)
                0x0000000000015c24                strnlen
 .text._strtoul_l.isra.0
                0x0000000000015ce0      0x1ac /opt/devkitpro/devkitA64/lib/gcc/aarch64-none-elf/8.3.0/../../../../aarch64-none-elf/lib/pic/libg.a(lib_a-strtoul.o)
 *fill*         0x0000000000015e8c        0x4 
 .text._strtoul_r
                0x0000000000015e90       0x34 /opt/devkitpro/devkitA64/lib/gcc/aarch64-none-elf/8.3.0/../../../../aarch64-none-elf/lib/pic/libg.a(lib_a-strtoul.o)
                0x0000000000015e90                _strtoul_r
 *fill*         0x0000000000015ec4        0x4 
 .text.strtoul  0x0000000000015ec8       0x48 /opt/devkitpro/devkitA64/lib/gcc/aarch64-none-elf/8.3.0/../../../../aarch64-none-elf/lib/pic/libg.a(lib_a-strtoul.o)
                0x0000000000015ec8                strtoul
 .text.get_arg  0x0000000000015f10       0x5c /opt/devkitpro/devkitA64/lib/gcc/aarch64-none-elf/8.3.0/../../../../aarch64-none-elf/lib/pic/libg.a(lib_a-svfscanf.o)
 .text.__ssvfscanf_r
                0x0000000000015f6c     0x2fd8 /opt/devkitpro/devkitA64/lib/gcc/aarch64-none-elf/8.3.0/../../../../aarch64-none-elf/lib/pic/libg.a(lib_a-svfscanf.o)
                0x0000000000015f6c                __ssvfscanf_r
 *fill*         0x0000000000018f44        0x4 
 .text.close    0x0000000000018f48       0x1c /opt/devkitpro/devkitA64/lib/gcc/aarch64-none-elf/8.3.0/../../../../aarch64-none-elf/lib/pic/libg.a(lib_a-sysclose.o)
                0x0000000000018f48                close
 *fill*         0x0000000000018f64        0x4 
 .text.fstat    0x0000000000018f68       0x30 /opt/devkitpro/devkitA64/lib/gcc/aarch64-none-elf/8.3.0/../../../../aarch64-none-elf/lib/pic/libg.a(lib_a-sysfstat.o)
                0x0000000000018f68                fstat
 .text.open     0x0000000000018f98       0x98 /opt/devkitpro/devkitA64/lib/gcc/aarch64-none-elf/8.3.0/../../../../aarch64-none-elf/lib/pic/libg.a(lib_a-sysopen.o)
                0x0000000000018f98                open
 .text.read     0x0000000000019030       0x38 /opt/devkitpro/devkitA64/lib/gcc/aarch64-none-elf/8.3.0/../../../../aarch64-none-elf/lib/pic/libg.a(lib_a-sysread.o)
                0x0000000000019030                read
 .text.stat     0x0000000000019068       0x30 /opt/devkitpro/devkitA64/lib/gcc/aarch64-none-elf/8.3.0/../../../../aarch64-none-elf/lib/pic/libg.a(lib_a-sysstat.o)
                0x0000000000019068                stat
 .text.write    0x0000000000019098       0x38 /opt/devkitpro/devkitA64/lib/gcc/aarch64-none-elf/8.3.0/../../../../aarch64-none-elf/lib/pic/libg.a(lib_a-syswrite.o)
                0x0000000000019098                write
 .text.get_arg  0x00000000000190d0      0x76c /opt/devkitpro/devkitA64/lib/gcc/aarch64-none-elf/8.3.0/../../../../aarch64-none-elf/lib/pic/libg.a(lib_a-vfprintf.o)
 .text._vfprintf_r
                0x000000000001983c     0x3c28 /opt/devkitpro/devkitA64/lib/gcc/aarch64-none-elf/8.3.0/../../../../aarch64-none-elf/lib/pic/libg.a(lib_a-vfprintf.o)
                0x000000000001983c                _vfprintf_r
 .text.__sbprintf
                0x000000000001d464       0xec /opt/devkitpro/devkitA64/lib/gcc/aarch64-none-elf/8.3.0/../../../../aarch64-none-elf/lib/pic/libg.a(lib_a-vfprintf.o)
 .text.__swbuf_r
                0x000000000001d550      0x118 /opt/devkitpro/devkitA64/lib/gcc/aarch64-none-elf/8.3.0/../../../../aarch64-none-elf/lib/pic/libg.a(lib_a-wbuf.o)
                0x000000000001d550                __swbuf_r
 .text._wcrtomb_r
                0x000000000001d668       0xd0 /opt/devkitpro/devkitA64/lib/gcc/aarch64-none-elf/8.3.0/../../../../aarch64-none-elf/lib/pic/libg.a(lib_a-wcrtomb.o)
                0x000000000001d668                _wcrtomb_r
 .text._wcsrtombs_r
                0x000000000001d738       0x10 /opt/devkitpro/devkitA64/lib/gcc/aarch64-none-elf/8.3.0/../../../../aarch64-none-elf/lib/pic/libg.a(lib_a-wcsrtombs.o)
                0x000000000001d738                _wcsrtombs_r
 .text.__swsetup_r
                0x000000000001d748      0x140 /opt/devkitpro/devkitA64/lib/gcc/aarch64-none-elf/8.3.0/../../../../aarch64-none-elf/lib/pic/libg.a(lib_a-wsetup.o)
                0x000000000001d748                __swsetup_r
 .text.__call_exitprocs
                0x000000000001d888      0x124 /opt/devkitpro/devkitA64/lib/gcc/aarch64-none-elf/8.3.0/../../../../aarch64-none-elf/lib/pic/libg.a(lib_a-__call_atexit.o)
                0x000000000001d888                __call_exitprocs
 *fill*         0x000000000001d9ac        0x4 
 .text.quorem   0x000000000001d9b0      0x1a8 /opt/devkitpro/devkitA64/lib/gcc/aarch64-none-elf/8.3.0/../../../../aarch64-none-elf/lib/pic/libg.a(lib_a-dtoa.o)
 .text._dtoa_r  0x000000000001db58     0x10dc /opt/devkitpro/devkitA64/lib/gcc/aarch64-none-elf/8.3.0/../../../../aarch64-none-elf/lib/pic/libg.a(lib_a-dtoa.o)
                0x000000000001db58                _dtoa_r
 *fill*         0x000000000001ec34        0x4 
 .text.__env_lock
                0x000000000001ec38        0xc /opt/devkitpro/devkitA64/lib/gcc/aarch64-none-elf/8.3.0/../../../../aarch64-none-elf/lib/pic/libg.a(lib_a-envlock.o)
                0x000000000001ec38                __env_lock
 *fill*         0x000000000001ec44        0x4 
 .text.__env_unlock
                0x000000000001ec48        0xc /opt/devkitpro/devkitA64/lib/gcc/aarch64-none-elf/8.3.0/../../../../aarch64-none-elf/lib/pic/libg.a(lib_a-envlock.o)
                0x000000000001ec48                __env_unlock
 *fill*         0x000000000001ec54        0x4 
 .text.__sflags
                0x000000000001ec58       0xa8 /opt/devkitpro/devkitA64/lib/gcc/aarch64-none-elf/8.3.0/../../../../aarch64-none-elf/lib/pic/libg.a(lib_a-flags.o)
                0x000000000001ec58                __sflags
 .text.__sfvwrite_r
                0x000000000001ed00      0x4b8 /opt/devkitpro/devkitA64/lib/gcc/aarch64-none-elf/8.3.0/../../../../aarch64-none-elf/lib/pic/libg.a(lib_a-fvwrite.o)
                0x000000000001ed00                __sfvwrite_r
 .text._findenv_r
                0x000000000001f1b8      0x100 /opt/devkitpro/devkitA64/lib/gcc/aarch64-none-elf/8.3.0/../../../../aarch64-none-elf/lib/pic/libg.a(lib_a-getenv_r.o)
                0x000000000001f1b8                _findenv_r
 .text.iswspace
                0x000000000001f2b8        0x8 /opt/devkitpro/devkitA64/lib/gcc/aarch64-none-elf/8.3.0/../../../../aarch64-none-elf/lib/pic/libg.a(lib_a-iswspace.o)
                0x000000000001f2b8                iswspace
 .text.__localeconv_l
                0x000000000001f2c0        0x8 /opt/devkitpro/devkitA64/lib/gcc/aarch64-none-elf/8.3.0/../../../../aarch64-none-elf/lib/pic/libg.a(lib_a-localeconv.o)
                0x000000000001f2c0                __localeconv_l
 .text._localeconv_r
                0x000000000001f2c8       0x28 /opt/devkitpro/devkitA64/lib/gcc/aarch64-none-elf/8.3.0/../../../../aarch64-none-elf/lib/pic/libg.a(lib_a-localeconv.o)
                0x000000000001f2c8                _localeconv_r
 .text.__locale_mb_cur_max
                0x000000000001f2f0       0x2c /opt/devkitpro/devkitA64/lib/gcc/aarch64-none-elf/8.3.0/../../../../aarch64-none-elf/lib/pic/libg.a(lib_a-locale.o)
                0x000000000001f2f0                __locale_mb_cur_max
 *fill*         0x000000000001f31c        0x4 
 .text._mbrtowc_r
                0x000000000001f320       0xd8 /opt/devkitpro/devkitA64/lib/gcc/aarch64-none-elf/8.3.0/../../../../aarch64-none-elf/lib/pic/libg.a(lib_a-mbrtowc.o)
                0x000000000001f320                _mbrtowc_r
 .text.__utf8_mbtowc
                0x000000000001f3f8      0x2c8 /opt/devkitpro/devkitA64/lib/gcc/aarch64-none-elf/8.3.0/../../../../aarch64-none-elf/lib/pic/libg.a(lib_a-mbtowc_r.o)
                0x000000000001f3f8                __utf8_mbtowc
 .text          0x000000000001f6c0       0xac /opt/devkitpro/devkitA64/lib/gcc/aarch64-none-elf/8.3.0/../../../../aarch64-none-elf/lib/pic/libg.a(lib_a-memmove.o)
                0x000000000001f6c0                memmove
 *fill*         0x000000000001f76c        0x4 
 .text._Balloc  0x000000000001f770       0x90 /opt/devkitpro/devkitA64/lib/gcc/aarch64-none-elf/8.3.0/../../../../aarch64-none-elf/lib/pic/libg.a(lib_a-mprec.o)
                0x000000000001f770                _Balloc
 .text._Bfree   0x000000000001f800       0x1c /opt/devkitpro/devkitA64/lib/gcc/aarch64-none-elf/8.3.0/../../../../aarch64-none-elf/lib/pic/libg.a(lib_a-mprec.o)
                0x000000000001f800                _Bfree
 *fill*         0x000000000001f81c        0x4 
 .text.__multadd
                0x000000000001f820       0xe8 /opt/devkitpro/devkitA64/lib/gcc/aarch64-none-elf/8.3.0/../../../../aarch64-none-elf/lib/pic/libg.a(lib_a-mprec.o)
                0x000000000001f820                __multadd
 .text.__s2b    0x000000000001f908      0x120 /opt/devkitpro/devkitA64/lib/gcc/aarch64-none-elf/8.3.0/../../../../aarch64-none-elf/lib/pic/libg.a(lib_a-mprec.o)
                0x000000000001f908                __s2b
 .text.__hi0bits
                0x000000000001fa28       0x5c /opt/devkitpro/devkitA64/lib/gcc/aarch64-none-elf/8.3.0/../../../../aarch64-none-elf/lib/pic/libg.a(lib_a-mprec.o)
                0x000000000001fa28                __hi0bits
 *fill*         0x000000000001fa84        0x4 
 .text.__lo0bits